Component: ARM Compiler 5.06 update 1 (build 61) Tool: armlink [4d35a8]

==============================================================================

Section Cross References

    main.o(i.main) refers to key.o(i.Delay) for Delay
    main.o(i.main) refers to hi219.o(i.Hi219m_ParaInit) for Hi219m_ParaInit
    main.o(i.main) refers to usart.o(i.uart1_init) for uart1_init
    main.o(i.main) refers to key.o(i.USART3_Init) for USART3_Init
    main.o(i.main) refers to usart.o(i.uart2_init) for uart2_init
    main.o(i.main) refers to dma.o(i.Configure_DMA) for Configure_DMA
    main.o(i.main) refers to encoder.o(i.reset) for reset
    main.o(i.main) refers to encoder.o(i.Yreset) for Yreset
    main.o(i.main) refers to encoder.o(i.disreset) for disreset
    main.o(i.main) refers to encoder.o(i.disresetY) for disresetY
    main.o(i.main) refers to it.o(i.prepare_data) for prepare_data
    main.o(i.main) refers to it.o(i.send_data) for send_data
    main.o(i.main) refers to encoder.o(i.laps_and_distance_algorithm) for laps_and_distance_algorithm
    main.o(i.main) refers to main.o(.data) for isb
    main.o(i.main) refers to key.o(.data) for Encoder_Y
    encoder.o(i.RCC_Configuration) refers to system_stm32f10x.o(i.SystemInit) for SystemInit
    encoder.o(i.Yreset) refers to key.o(i.Crc_Count) for Crc_Count
    encoder.o(i.Yreset) refers to key.o(i.USART_Transmit) for USART_Transmit
    encoder.o(i.Yreset) refers to key.o(i.Delay) for Delay
    encoder.o(i.Yreset) refers to key.o(.bss) for YSendData_All
    encoder.o(i.Yreset) refers to encoder.o(.data) for CRC_6
    encoder.o(i.Yreset) refers to key.o(.data) for Encoder_Data
    encoder.o(i.disreset) refers to key.o(i.Crc_Count) for Crc_Count
    encoder.o(i.disreset) refers to key.o(i.USART_Transmit) for USART_Transmit
    encoder.o(i.disreset) refers to key.o(i.Delay) for Delay
    encoder.o(i.disreset) refers to key.o(.bss) for SendData_All
    encoder.o(i.disreset) refers to encoder.o(.data) for CRC_6
    encoder.o(i.disreset) refers to key.o(.data) for Encoder_Data
    encoder.o(i.disresetY) refers to key.o(i.Crc_Count) for Crc_Count
    encoder.o(i.disresetY) refers to key.o(i.USART_Transmit) for USART_Transmit
    encoder.o(i.disresetY) refers to encoder.o(i.laps_and_distance_algorithm) for laps_and_distance_algorithm
    encoder.o(i.disresetY) refers to key.o(i.Delay) for Delay
    encoder.o(i.disresetY) refers to key.o(.bss) for YSendData_All
    encoder.o(i.disresetY) refers to encoder.o(.data) for CRC_6
    encoder.o(i.disresetY) refers to key.o(.data) for Encoder_Data
    encoder.o(i.laps_and_distance_algorithm) refers to fflt_clz.o(x$fpl$ffltu) for __aeabi_ui2f
    encoder.o(i.laps_and_distance_algorithm) refers to fdiv.o(x$fpl$fdiv) for __aeabi_fdiv
    encoder.o(i.laps_and_distance_algorithm) refers to f2d.o(x$fpl$f2d) for __aeabi_f2d
    encoder.o(i.laps_and_distance_algorithm) refers to dmul.o(x$fpl$dmul) for __aeabi_dmul
    encoder.o(i.laps_and_distance_algorithm) refers to d2f.o(x$fpl$d2f) for __aeabi_d2f
    encoder.o(i.laps_and_distance_algorithm) refers to ffix.o(x$fpl$ffix) for __aeabi_f2iz
    encoder.o(i.laps_and_distance_algorithm) refers to fflt_clz.o(x$fpl$fflt) for __aeabi_i2f
    encoder.o(i.laps_and_distance_algorithm) refers to key.o(.data) for Encoder_X
    encoder.o(i.laps_and_distance_algorithm) refers to encoder.o(.data) for Encoder_X1
    encoder.o(i.laps_and_distance_algorithm) refers to encoder.o(.bss) for Positioning
    encoder.o(i.reset) refers to key.o(i.Crc_Count) for Crc_Count
    encoder.o(i.reset) refers to key.o(i.USART_Transmit) for USART_Transmit
    encoder.o(i.reset) refers to key.o(i.Delay) for Delay
    encoder.o(i.reset) refers to key.o(.bss) for SendData_All
    encoder.o(i.reset) refers to encoder.o(.data) for CRC_6
    encoder.o(i.reset) refers to key.o(.data) for Encoder_Data
    hi219.o(i.Hi219m_ParaInit) refers to imu_data_decode.o(i.imu_data_decode_init) for imu_data_decode_init
    hi219.o(i.Hi226_DataGet) refers to packet.o(i.Packet_Decode) for Packet_Decode
    hi219.o(i.Hi226_DataGet) refers to hi219.o(i.fnHi219m_DataDecode) for fnHi219m_DataDecode
    hi219.o(i.Hi226_DataGet) refers to hi219.o(.bss) for P_uintH219MDataBuffer
    hi219.o(i.Hi226_DataGet) refers to hi219.o(.data) for ch
    hi219.o(i.fnHi219m_DataDecode) refers to imu_data_decode.o(i.get_raw_gyo) for get_raw_gyo
    hi219.o(i.fnHi219m_DataDecode) refers to imu_data_decode.o(i.get_eular) for get_eular
    hi219.o(i.fnHi219m_DataDecode) refers to faddsub_clz.o(x$fpl$fadd) for __aeabi_fadd
    hi219.o(i.fnHi219m_DataDecode) refers to faddsub_clz.o(x$fpl$fsub) for __aeabi_fsub
    hi219.o(i.fnHi219m_DataDecode) refers to fflt_clz.o(x$fpl$fflt) for __aeabi_i2f
    hi219.o(i.fnHi219m_DataDecode) refers to fdiv.o(x$fpl$fdiv) for __aeabi_fdiv
    hi219.o(i.fnHi219m_DataDecode) refers to frleqf.o(x$fpl$frleqf) for __aeabi_cfrcmple
    hi219.o(i.fnHi219m_DataDecode) refers to fleqf.o(x$fpl$fleqf) for __aeabi_cfcmple
[...]
    Removing stm32f10x_sdio.o(i.SDIO_GetPowerState), (16 bytes).
    Removing stm32f10x_sdio.o(i.SDIO_GetResponse), (24 bytes).
    Removing stm32f10x_sdio.o(i.SDIO_ITConfig), (32 bytes).
    Removing stm32f10x_sdio.o(i.SDIO_Init), (48 bytes).
    Removing stm32f10x_sdio.o(i.SDIO_ReadData), (12 bytes).
    Removing stm32f10x_sdio.o(i.SDIO_SendCEATACmd), (12 bytes).
    Removing stm32f10x_sdio.o(i.SDIO_SendCommand), (44 bytes).
    Removing stm32f10x_sdio.o(i.SDIO_SendSDIOSuspendCmd), (12 bytes).
    Removing stm32f10x_sdio.o(i.SDIO_SetPowerState), (28 bytes).
    Removing stm32f10x_sdio.o(i.SDIO_SetSDIOOperation), (12 bytes).
    Removing stm32f10x_sdio.o(i.SDIO_SetSDIOReadWaitMode), (12 bytes).
    Removing stm32f10x_sdio.o(i.SDIO_StartSDIOReadWait), (12 bytes).
    Removing stm32f10x_sdio.o(i.SDIO_StopSDIOReadWait), (12 bytes).
    Removing stm32f10x_sdio.o(i.SDIO_StructInit), (16 bytes).
    Removing stm32f10x_sdio.o(i.SDIO_WriteData), (12 bytes).
    Removing stm32f10x_spi.o(i.I2S_Cmd), (24 bytes).
    Removing stm32f10x_spi.o(i.I2S_Init), (232 bytes).
    Removing stm32f10x_spi.o(i.I2S_StructInit), (20 bytes).
    Removing stm32f10x_spi.o(i.SPI_BiDirectionalLineConfig), (28 bytes).
    Removing stm32f10x_spi.o(i.SPI_CalculateCRC), (24 bytes).
    Removing stm32f10x_spi.o(i.SPI_Cmd), (24 bytes).
    Removing stm32f10x_spi.o(i.SPI_DataSizeConfig), (18 bytes).
    Removing stm32f10x_spi.o(i.SPI_GetCRC), (16 bytes).
    Removing stm32f10x_spi.o(i.SPI_GetCRCPolynomial), (6 bytes).
    Removing stm32f10x_spi.o(i.SPI_I2S_ClearFlag), (6 bytes).
    Removing stm32f10x_spi.o(i.SPI_I2S_ClearITPendingBit), (20 bytes).
    Removing stm32f10x_spi.o(i.SPI_I2S_DMACmd), (18 bytes).
    Removing stm32f10x_spi.o(i.SPI_I2S_DeInit), (88 bytes).
    Removing stm32f10x_spi.o(i.SPI_I2S_GetFlagStatus), (18 bytes).
    Removing stm32f10x_spi.o(i.SPI_I2S_GetITStatus), (52 bytes).
    Removing stm32f10x_spi.o(i.SPI_I2S_ITConfig), (32 bytes).
    Removing stm32f10x_spi.o(i.SPI_I2S_ReceiveData), (6 bytes).
    Removing stm32f10x_spi.o(i.SPI_I2S_SendData), (4 bytes).
    Removing stm32f10x_spi.o(i.SPI_Init), (60 bytes).
    Removing stm32f10x_spi.o(i.SPI_NSSInternalSoftwareConfig), (30 bytes).
    Removing stm32f10x_spi.o(i.SPI_SSOutputCmd), (24 bytes).
    Removing stm32f10x_spi.o(i.SPI_StructInit), (24 bytes).
    Removing stm32f10x_spi.o(i.SPI_TransmitCRC), (10 bytes).
    Removing stm32f10x_tim.o(i.TI1_Config), (128 bytes).
    Removing stm32f10x_tim.o(i.TI2_Config), (152 bytes).
    Removing stm32f10x_tim.o(i.TI3_Config), (144 bytes).
    Removing stm32f10x_tim.o(i.TI4_Config), (152 bytes).
    Removing stm32f10x_tim.o(i.TIM_ARRPreloadConfig), (24 bytes).
    Removing stm32f10x_tim.o(i.TIM_BDTRConfig), (32 bytes).
    Removing stm32f10x_tim.o(i.TIM_BDTRStructInit), (18 bytes).
    Removing stm32f10x_tim.o(i.TIM_CCPreloadControl), (24 bytes).
    Removing stm32f10x_tim.o(i.TIM_CCxCmd), (30 bytes).
    Removing stm32f10x_tim.o(i.TIM_CCxNCmd), (30 bytes).
    Removing stm32f10x_tim.o(i.TIM_ClearFlag), (6 bytes).
    Removing stm32f10x_tim.o(i.TIM_ClearITPendingBit), (6 bytes).
    Removing stm32f10x_tim.o(i.TIM_ClearOC1Ref), (18 bytes).
    Removing stm32f10x_tim.o(i.TIM_ClearOC2Ref), (24 bytes).
    Removing stm32f10x_tim.o(i.TIM_ClearOC3Ref), (18 bytes).
    Removing stm32f10x_tim.o(i.TIM_ClearOC4Ref), (24 bytes).
    Removing stm32f10x_tim.o(i.TIM_Cmd), (24 bytes).
    Removing stm32f10x_tim.o(i.TIM_CounterModeConfig), (18 bytes).
    Removing stm32f10x_tim.o(i.TIM_CtrlPWMOutputs), (30 bytes).
    Removing stm32f10x_tim.o(i.TIM_DMACmd), (18 bytes).
    Removing stm32f10x_tim.o(i.TIM_DMAConfig), (10 bytes).
    Removing stm32f10x_tim.o(i.TIM_DeInit), (488 bytes).
    Removing stm32f10x_tim.o(i.TIM_ETRClockMode1Config), (54 bytes).
    Removing stm32f10x_tim.o(i.TIM_ETRClockMode2Config), (32 bytes).
    Removing stm32f10x_tim.o(i.TIM_ETRConfig), (28 bytes).
    Removing stm32f10x_tim.o(i.TIM_EncoderInterfaceConfig), (66 bytes).
    Removing stm32f10x_tim.o(i.TIM_ForcedOC1Config), (18 bytes).
    Removing stm32f10x_tim.o(i.TIM_ForcedOC2Config), (26 bytes).
    Removing stm32f10x_tim.o(i.TIM_ForcedOC3Config), (18 bytes).
    Removing stm32f10x_tim.o(i.TIM_ForcedOC4Config), (26 bytes).
    Removing stm32f10x_tim.o(i.TIM_GenerateEvent), (4 bytes).
    Removing stm32f10x_tim.o(i.TIM_GetCapture1), (6 bytes).
    Removing stm32f10x_tim.o(i.TIM_GetCapture2), (6 bytes).
    Removing stm32f10x_tim.o(i.TIM_GetCapture3), (6 bytes).
    Removing stm32f10x_tim.o(i.TIM_GetCapture4), (8 bytes).
    Removing stm32f10x_tim.o(i.TIM_GetCounter), (6 bytes).
    Removing stm32f10x_tim.o(i.TIM_GetFlagStatus), (18 bytes).
    Removing stm32f10x_tim.o(i.TIM_GetITStatus), (34 bytes).
    Removing stm32f10x_tim.o(i.TIM_GetPrescaler), (6 bytes).
    Removing stm32f10x_tim.o(i.TIM_ICInit), (172 bytes).
    Removing stm32f10x_tim.o(i.TIM_ICStructInit), (18 bytes).
    Removing stm32f10x_tim.o(i.TIM_ITConfig), (18 bytes).
    Removing stm32f10x_tim.o(i.TIM_ITRxExternalClockConfig), (24 bytes).
    Removing stm32f10x_tim.o(i.TIM_InternalClockConfig), (12 bytes).
    Removing stm32f10x_tim.o(i.TIM_OC1FastConfig), (18 bytes).
    Removing stm32f10x_tim.o(i.TIM_OC1Init), (152 bytes).
    Removing stm32f10x_tim.o(i.TIM_OC1NPolarityConfig), (18 bytes).
    Removing stm32f10x_tim.o(i.TIM_OC1PolarityConfig), (18 bytes).
    Removing stm32f10x_tim.o(i.TIM_OC1PreloadConfig), (18 bytes).
    Removing stm32f10x_tim.o(i.TIM_OC2FastConfig), (26 bytes).
    Removing stm32f10x_tim.o(i.TIM_OC2Init), (164 bytes).
    Removing stm32f10x_tim.o(i.TIM_OC2NPolarityConfig), (26 bytes).
    Removing stm32f10x_tim.o(i.TIM_OC2PolarityConfig), (26 bytes).
    Removing stm32f10x_tim.o(i.TIM_OC2PreloadConfig), (26 bytes).
    Removing stm32f10x_tim.o(i.TIM_OC3FastConfig), (18 bytes).
    Removing stm32f10x_tim.o(i.TIM_OC3Init), (160 bytes).
    Removing stm32f10x_tim.o(i.TIM_OC3NPolarityConfig), (26 bytes).
    Removing stm32f10x_tim.o(i.TIM_OC3PolarityConfig), (26 bytes).
    Removing stm32f10x_tim.o(i.TIM_OC3PreloadConfig), (18 bytes).
    Removing stm32f10x_tim.o(i.TIM_OC4FastConfig), (26 bytes).
    Removing stm32f10x_tim.o(i.TIM_OC4Init), (124 bytes).
    Removing stm32f10x_tim.o(i.TIM_OC4PolarityConfig), (26 bytes).
    Removing stm32f10x_tim.o(i.TIM_OC4PreloadConfig), (26 bytes).
    Removing stm32f10x_tim.o(i.TIM_OCStructInit), (20 bytes).
    Removing stm32f10x_tim.o(i.TIM_PWMIConfig), (124 bytes).
    Removing stm32f10x_tim.o(i.TIM_PrescalerConfig), (6 bytes).
    Removing stm32f10x_tim.o(i.TIM_SelectCCDMA), (24 bytes).
    Removing stm32f10x_tim.o(i.TIM_SelectCOM), (24 bytes).
    Removing stm32f10x_tim.o(i.TIM_SelectHallSensor), (24 bytes).
    Removing stm32f10x_tim.o(i.TIM_SelectInputTrigger), (18 bytes).
    Removing stm32f10x_tim.o(i.TIM_SelectMasterSlaveMode), (18 bytes).
    Removing stm32f10x_tim.o(i.TIM_SelectOCxM), (82 bytes).
    Removing stm32f10x_tim.o(i.TIM_SelectOnePulseMode), (18 bytes).
    Removing stm32f10x_tim.o(i.TIM_SelectOutputTrigger), (18 bytes).
    Removing stm32f10x_tim.o(i.TIM_SelectSlaveMode), (18 bytes).
    Removing stm32f10x_tim.o(i.TIM_SetAutoreload), (4 bytes).
    Removing stm32f10x_tim.o(i.TIM_SetClockDivision), (18 bytes).
    Removing stm32f10x_tim.o(i.TIM_SetCompare1), (4 bytes).
    Removing stm32f10x_tim.o(i.TIM_SetCompare2), (4 bytes).
    Removing stm32f10x_tim.o(i.TIM_SetCompare3), (4 bytes).
    Removing stm32f10x_tim.o(i.TIM_SetCompare4), (6 bytes).
    Removing stm32f10x_tim.o(i.TIM_SetCounter), (4 bytes).
    Removing stm32f10x_tim.o(i.TIM_SetIC1Prescaler), (18 bytes).
    Removing stm32f10x_tim.o(i.TIM_SetIC2Prescaler), (26 bytes).
    Removing stm32f10x_tim.o(i.TIM_SetIC3Prescaler), (18 bytes).
    Removing stm32f10x_tim.o(i.TIM_SetIC4Prescaler), (26 bytes).
    Removing stm32f10x_tim.o(i.TIM_TIxExternalClockConfig), (62 bytes).
    Removing stm32f10x_tim.o(i.TIM_TimeBaseInit), (164 bytes).
    Removing stm32f10x_tim.o(i.TIM_TimeBaseStructInit), (18 bytes).
    Removing stm32f10x_tim.o(i.TIM_UpdateDisableConfig), (24 bytes).
    Removing stm32f10x_tim.o(i.TIM_UpdateRequestConfig), (24 bytes).
    Removing stm32f10x_usart.o(i.USART_ClockInit), (34 bytes).
    Removing stm32f10x_usart.o(i.USART_ClockStructInit), (12 bytes).
    Removing stm32f10x_usart.o(i.USART_DeInit), (156 bytes).
    Removing stm32f10x_usart.o(i.USART_HalfDuplexCmd), (24 bytes).
    Removing stm32f10x_usart.o(i.USART_IrDACmd), (24 bytes).
    Removing stm32f10x_usart.o(i.USART_IrDAConfig), (18 bytes).
    Removing stm32f10x_usart.o(i.USART_LINBreakDetectLengthConfig), (18 bytes).
    Removing stm32f10x_usart.o(i.USART_LINCmd), (24 bytes).
    Removing stm32f10x_usart.o(i.USART_OneBitMethodCmd), (24 bytes).
    Removing stm32f10x_usart.o(i.USART_OverSampling8Cmd), (22 bytes).
    Removing stm32f10x_usart.o(i.USART_ReceiverWakeUpCmd), (24 bytes).
    Removing stm32f10x_usart.o(i.USART_SendBreak), (10 bytes).
    Removing stm32f10x_usart.o(i.USART_SetAddress), (18 bytes).
    Removing stm32f10x_usart.o(i.USART_SetGuardTime), (16 bytes).
    Removing stm32f10x_usart.o(i.USART_SetPrescaler), (16 bytes).
    Removing stm32f10x_usart.o(i.USART_SmartCardCmd), (24 bytes).
    Removing stm32f10x_usart.o(i.USART_SmartCardNACKCmd), (24 bytes).
    Removing stm32f10x_usart.o(i.USART_StructInit), (24 bytes).
    Removing stm32f10x_usart.o(i.USART_WakeUpConfig), (18 bytes).
    Removing stm32f10x_wwdg.o(i.WWDG_ClearFlag), (12 bytes).
    Removing stm32f10x_wwdg.o(i.WWDG_DeInit), (22 bytes).
    Removing stm32f10x_wwdg.o(i.WWDG_Enable), (16 bytes).
    Removing stm32f10x_wwdg.o(i.WWDG_EnableIT), (12 bytes).
    Removing stm32f10x_wwdg.o(i.WWDG_GetFlagStatus), (12 bytes).
    Removing stm32f10x_wwdg.o(i.WWDG_SetCounter), (16 bytes).
    Removing stm32f10x_wwdg.o(i.WWDG_SetPrescaler), (24 bytes).
    Removing stm32f10x_wwdg.o(i.WWDG_SetWindowValue), (40 bytes).

475 unused section(s) (total 18652 bytes) removed from the image.

==============================================================================

Image Symbol Table

    Local Symbols

    Symbol Name                              Value     Ov Type        Size  Object(Section)

    ../clib/angel/boardlib.s                 0x00000000   Number         0  boardinit1.o ABSOLUTE
    ../clib/angel/boardlib.s                 0x00000000   Number         0  boardinit2.o ABSOLUTE
    ../clib/angel/boardlib.s                 0x00000000   Number         0  boardshut.o ABSOLUTE
    ../clib/angel/boardlib.s                 0x00000000   Number         0  boardinit3.o ABSOLUTE
    ../clib/angel/handlers.s                 0x00000000   Number         0  __scatter_zi.o ABSOLUTE
    ../clib/angel/handlers.s                 0x00000000   Number         0  __scatter_copy.o ABSOLUTE
    ../clib/angel/kernel.s                   0x00000000   Number         0  rtexit.o ABSOLUTE
    ../clib/angel/kernel.s                   0x00000000   Number         0  __rtentry.o ABSOLUTE
    ../clib/angel/kernel.s                   0x00000000   Number         0  rtexit2.o ABSOLUTE
    ../clib/angel/kernel.s                   0x00000000   Number         0  __rtentry2.o ABSOLUTE
    ../clib/angel/kernel.s                   0x00000000   Number         0  __rtentry4.o ABSOLUTE
    ../clib/angel/rt.s                       0x00000000   Number         0  rt_raise.o ABSOLUTE
    ../clib/angel/scatter.s                  0x00000000   Number         0  __scatter.o ABSOLUTE
    ../clib/angel/startup.s                  0x00000000   Number         0  __main.o ABSOLUTE
    ../clib/angel/sys.s                      0x00000000   Number         0  indicate_semi.o ABSOLUTE
    ../clib/angel/sys.s                      0x00000000   Number         0  sys_stackheap_outer.o ABSOLUTE
    ../clib/angel/sys.s                      0x00000000   Number         0  use_no_semi.o ABSOLUTE
    ../clib/angel/sys.s                      0x00000000   Number         0  libspace.o ABSOLUTE
    ../clib/angel/sysapp.c                   0x00000000   Number         0  sys_wrch.o ABSOLUTE
    ../clib/angel/sysapp.c                   0x00000000   Number         0  sys_command.o ABSOLUTE
    ../clib/angel/sysapp.c                   0x00000000   Number         0  sys_exit.o ABSOLUTE
    ../clib/armsys.c                         0x00000000   Number         0  no_argv.o ABSOLUTE
    ../clib/armsys.c                         0x00000000   Number         0  _get_argv_nomalloc.o ABSOLUTE
    ../clib/armsys.c                         0x00000000   Number         0  argv_veneer.o ABSOLUTE
    ../clib/armsys.c                         0x00000000   Number         0  argv_veneer.o ABSOLUTE
    ../clib/heapalloc.c                      0x00000000   Number         0  hrguard.o ABSOLUTE
    ../clib/heapaux.c                        0x00000000   Number         0  heapauxi.o ABSOLUTE
    ../clib/libinit.s                        0x00000000   Number         0  libinit.o ABSOLUTE
    ../clib/libinit.s                        0x00000000   Number         0  libshutdown.o ABSOLUTE
    ../clib/libinit.s                        0x00000000   Number         0  libshutdown2.o ABSOLUTE
    ../clib/libinit.s                        0x00000000   Number         0  libinit2.o ABSOLUTE
    ../clib/memcpset.s                       0x00000000   Number         0  rt_memcpy_v6.o ABSOLUTE
    ../clib/memcpset.s                       0x00000000   Number         0  rt_memcpy_w.o ABSOLUTE
    ../clib/memcpset.s                       0x00000000   Number         0  rt_memclr_w.o ABSOLUTE
    ../clib/signal.c                         0x00000000   Number         0  defsig_abrt_inner.o ABSOLUTE
    ../clib/signal.c                         0x00000000   Number         0  defsig_segv_inner.o ABSOLUTE
    ../clib/signal.c                         0x00000000   Number         0  defsig_rtmem_outer.o ABSOLUTE
    ../clib/signal.c                         0x00000000   Number         0  defsig_general.o ABSOLUTE
    ../clib/signal.c                         0x00000000   Number         0  __raise.o ABSOLUTE
    ../clib/signal.c                         0x00000000   Number         0  defsig_rtmem_inner.o ABSOLUTE
    ../clib/signal.c                         0x00000000   Number         0  defsig_exit.o ABSOLUTE
    ../clib/signal.c                         0x00000000   Number         0  defsig_cppl_inner.o ABSOLUTE
    ../clib/signal.c                         0x00000000   Number         0  defsig_pvfn_inner.o ABSOLUTE
    ../clib/signal.c                         0x00000000   Number         0  defsig_stak_inner.o ABSOLUTE
    ../clib/signal.c                         0x00000000   Number         0  defsig_fpe_inner.o ABSOLUTE
    ../clib/signal.c                         0x00000000   Number         0  defsig_rtmem_formal.o ABSOLUTE
    ../clib/signal.c                         0x00000000   Number         0  defsig_other.o ABSOLUTE
    ../clib/signal.c                         0x00000000   Number         0  defsig_rtred_inner.o ABSOLUTE
    ../clib/signal.s                         0x00000000   Number         0  defsig.o ABSOLUTE
    ../clib/stdlib.c                         0x00000000   Number         0  exit.o ABSOLUTE
    ../fplib/d2f.s                           0x00000000   Number         0  d2f.o ABSOLUTE
    ../fplib/dmul.s                          0x00000000   Number         0  dmul.o ABSOLUTE
    ../fplib/dnaninf.s                       0x00000000   Number         0  dnaninf.o ABSOLUTE
    ../fplib/dretinf.s                       0x00000000   Number         0  dretinf.o ABSOLUTE
    ../fplib/f2d.s                           0x00000000   Number         0  f2d.o ABSOLUTE
    ../fplib/faddsub.s                       0x00000000   Number         0  faddsub_clz.o ABSOLUTE
    ../fplib/fcmpi.s                         0x00000000   Number         0  fcmpi.o ABSOLUTE
    ../fplib/fdiv.s                          0x00000000   Number         0  fdiv.o ABSOLUTE
    ../fplib/ffix.s                          0x00000000   Number         0  ffix.o ABSOLUTE
    ../fplib/fflt.s                          0x00000000   Number         0  fflt_clz.o ABSOLUTE
    ../fplib/fleqf.s                         0x00000000   Number         0  fleqf.o ABSOLUTE
    ../fplib/fnaninf.s                       0x00000000   Number         0  fnaninf.o ABSOLUTE
    ../fplib/fpinit.s                        0x00000000   Number         0  fpinit.o ABSOLUTE
    ../fplib/fretinf.s                       0x00000000   Number         0  fretinf.o ABSOLUTE
    ../fplib/frleqf.s                        0x00000000   Number         0  frleqf.o ABSOLUTE
    ../fplib/usenofp.s                       0x00000000   Number         0  usenofp.o ABSOLUTE
    ..\CORE\core_cm3.c                       0x00000000   Number         0  core_cm3.o ABSOLUTE
    ..\CORE\startup_stm32f10x_hd.s           0x00000000   Number         0  startup_stm32f10x_hd.o ABSOLUTE
    ..\HAEDWARE\APP\Encoder.c                0x00000000   Number         0  encoder.o ABSOLUTE
    ..\HAEDWARE\APP\Key.c                    0x00000000   Number         0  key.o ABSOLUTE
    ..\HAEDWARE\APP\hi219.c                  0x00000000   Number         0  hi219.o ABSOLUTE
    ..\HAEDWARE\APP\imu_data_decode.c        0x00000000   Number         0  imu_data_decode.o ABSOLUTE
    ..\HAEDWARE\APP\packet.c                 0x00000000   Number         0  packet.o ABSOLUTE
    ..\HAEDWARE\BSP\dma.c                    0x00000000   Number         0  dma.o ABSOLUTE
    ..\HAEDWARE\BSP\it.c                     0x00000000   Number         0  it.o ABSOLUTE
    ..\STM32F10x_FWLib\src\misc.c            0x00000000   Number         0  misc.o ABSOLUTE
    ..\STM32F10x_FWLib\src\stm32f10x_adc.c   0x00000000   Number         0  stm32f10x_adc.o ABSOLUTE
    ..\STM32F10x_FWLib\src\stm32f10x_bkp.c   0x00000000   Number         0  stm32f10x_bkp.o ABSOLUTE
    ..\STM32F10x_FWLib\src\stm32f10x_can.c   0x00000000   Number         0  stm32f10x_can.o ABSOLUTE
    ..\STM32F10x_FWLib\src\stm32f10x_cec.c   0x00000000   Number         0  stm32f10x_cec.o ABSOLUTE
    ..\STM32F10x_FWLib\src\stm32f10x_crc.c   0x00000000   Number         0  stm32f10x_crc.o ABSOLUTE
    ..\STM32F10x_FWLib\src\stm32f10x_dac.c   0x00000000   Number         0  stm32f10x_dac.o ABSOLUTE
    ..\STM32F10x_FWLib\src\stm32f10x_dbgmcu.c 0x00000000   Number         0  stm32f10x_dbgmcu.o ABSOLUTE
    ..\STM32F10x_FWLib\src\stm32f10x_dma.c   0x00000000   Number         0  stm32f10x_dma.o ABSOLUTE
    ..\STM32F10x_FWLib\src\stm32f10x_exti.c  0x00000000   Number         0  stm32f10x_exti.o ABSOLUTE
    ..\STM32F10x_FWLib\src\stm32f10x_flash.c 0x00000000   Number         0  stm32f10x_flash.o ABSOLUTE
    ..\STM32F10x_FWLib\src\stm32f10x_fsmc.c  0x00000000   Number         0  stm32f10x_fsmc.o ABSOLUTE
    ..\STM32F10x_FWLib\src\stm32f10x_gpio.c  0x00000000   Number         0  stm32f10x_gpio.o ABSOLUTE
    ..\STM32F10x_FWLib\src\stm32f10x_i2c.c   0x00000000   Number         0  stm32f10x_i2c.o ABSOLUTE
    ..\STM32F10x_FWLib\src\stm32f10x_iwdg.c  0x00000000   Number         0  stm32f10x_iwdg.o ABSOLUTE
    ..\STM32F10x_FWLib\src\stm32f10x_pwr.c   0x00000000   Number         0  stm32f10x_pwr.o ABSOLUTE
    ..\STM32F10x_FWLib\src\stm32f10x_rcc.c   0x00000000   Number         0  stm32f10x_rcc.o ABSOLUTE
    ..\STM32F10x_FWLib\src\stm32f10x_rtc.c   0x00000000   Number         0  stm32f10x_rtc.o ABSOLUTE
    ..\STM32F10x_FWLib\src\stm32f10x_sdio.c  0x00000000   Number         0  stm32f10x_sdio.o ABSOLUTE
    ..\STM32F10x_FWLib\src\stm32f10x_spi.c   0x00000000   Number         0  stm32f10x_spi.o ABSOLUTE
    ..\STM32F10x_FWLib\src\stm32f10x_tim.c   0x00000000   Number         0  stm32f10x_tim.o ABSOLUTE
    ..\STM32F10x_FWLib\src\stm32f10x_usart.c 0x00000000   Number         0  stm32f10x_usart.o ABSOLUTE
    ..\STM32F10x_FWLib\src\stm32f10x_wwdg.c  0x00000000   Number         0  stm32f10x_wwdg.o ABSOLUTE
    ..\SYSTEM\delay\delay.c                  0x00000000   Number         0  delay.o ABSOLUTE
    ..\SYSTEM\sys\sys.c                      0x00000000   Number         0  sys.o ABSOLUTE
    ..\SYSTEM\usart\usart.c                  0x00000000   Number         0  usart.o ABSOLUTE
    ..\\CORE\\core_cm3.c                     0x00000000   Number         0  core_cm3.o ABSOLUTE
    ..\\SYSTEM\\sys\\sys.c                   0x00000000   Number         0  sys.o ABSOLUTE
    dc.s                                     0x00000000   Number         0  dc.o ABSOLUTE
    main.c                                   0x00000000   Number         0  main.o ABSOLUTE
    stm32f10x_it.c                           0x00000000   Number         0  stm32f10x_it.o ABSOLUTE
    system_stm32f10x.c                       0x00000000   Number         0  system_stm32f10x.o ABSOLUTE
    RESET                                    0x08000000   Section      304  startup_stm32f10x_hd.o(RESET)
    !!!main                                  0x08000130   Section        8  __main.o(!!!main)
    !!!scatter                               0x08000138   Section       52  __scatter.o(!!!scatter)
    !!handler_copy                           0x0800016c   Section       26  __scatter_copy.o(!!handler_copy)
    !!handler_zi                             0x08000188   Section       28  __scatter_zi.o(!!handler_zi)
    .ARM.Collect$$libinit$$00000000          0x080001a4   Section        2  libinit.o(.ARM.Collect$$libinit$$00000000)
    .ARM.Collect$$libinit$$00000002          0x080001a6   Section        0  libinit2.o(.ARM.Collect$$libinit$$00000002)
    .ARM.Collect$$libinit$$00000004          0x080001a6   Section        0  libinit2.o(.ARM.Collect$$libinit$$00000004)
    .ARM.Collect$$libinit$$0000000A          0x080001a6   Section        0  libinit2.o(.ARM.Collect$$libinit$$0000000A)
    .ARM.Collect$$libinit$$0000000C          0x080001a6   Section        0  libinit2.o(.ARM.Collect$$libinit$$0000000C)
    .ARM.Collect$$libinit$$0000000E          0x080001a6   Section        0  libinit2.o(.ARM.Collect$$libinit$$0000000E)
    .ARM.Collect$$libinit$$00000011          0x080001a6   Section        0  libinit2.o(.ARM.Collect$$libinit$$00000011)
    .ARM.Collect$$libinit$$00000013          0x080001a6   Section        0  libinit2.o(.ARM.Collect$$libinit$$00000013)
    .ARM.Collect$$libinit$$00000015          0x080001a6   Section        0  libinit2.o(.ARM.Collect$$libinit$$00000015)
    .ARM.Collect$$libinit$$00000017          0x080001a6   Section        0  libinit2.o(.ARM.Collect$$libinit$$00000017)
    .ARM.Collect$$libinit$$00000019          0x080001a6   Section        0  libinit2.o(.ARM.Collect$$libinit$$00000019)
    .ARM.Collect$$libinit$$0000001B          0x080001a6   Section        0  libinit2.o(.ARM.Collect$$libinit$$0000001B)
    .ARM.Collect$$libinit$$0000001D          0x080001a6   Section        0  libinit2.o(.ARM.Collect$$libinit$$0000001D)
    .ARM.Collect$$libinit$$0000001F          0x080001a6   Section        0  libinit2.o(.ARM.Collect$$libinit$$0000001F)
    .ARM.Collect$$libinit$$00000021          0x080001a6   Section        0  libinit2.o(.ARM.Collect$$libinit$$00000021)
    .ARM.Collect$$libinit$$00000023          0x080001a6   Section        0  libinit2.o(.ARM.Collect$$libinit$$00000023)
    .ARM.Collect$$libinit$$00000025          0x080001a6   Section        0  libinit2.o(.ARM.Collect$$libinit$$00000025)
    .ARM.Collect$$libinit$$0000002C          0x080001a6   Section        0  libinit2.o(.ARM.Collect$$libinit$$0000002C)
    .ARM.Collect$$libinit$$0000002E          0x080001a6   Section        0  libinit2.o(.ARM.Collect$$libinit$$0000002E)
    .ARM.Collect$$libinit$$00000030          0x080001a6   Section        0  libinit2.o(.ARM.Collect$$libinit$$00000030)
    .ARM.Collect$$libinit$$00000032          0x080001a6   Section        0  libinit2.o(.ARM.Collect$$libinit$$00000032)
    .ARM.Collect$$libinit$$00000033          0x080001a6   Section        2  libinit2.o(.ARM.Collect$$libinit$$00000033)
    .ARM.Collect$$libshutdown$$00000000      0x080001a8   Section        2  libshutdown.o(.ARM.Collect$$libshutdown$$00000000)
    .ARM.Collect$$libshutdown$$00000002      0x080001aa   Section        0  libshutdown2.o(.ARM.Collect$$libshutdown$$00000002)
    .ARM.Collect$$libshutdown$$00000004      0x080001aa   Section        0  libshutdown2.o(.ARM.Collect$$libshutdown$$00000004)
    .ARM.Collect$$libshutdown$$00000007      0x080001aa   Section        0  libshutdown2.o(.ARM.Collect$$libshutdown$$00000007)
    .ARM.Collect$$libshutdown$$0000000A      0x080001aa   Section        0  libshutdown2.o(.ARM.Collect$$libshutdown$$0000000A)
    .ARM.Collect$$libshutdown$$0000000C      0x080001aa   Section        0  libshutdown2.o(.ARM.Collect$$libshutdown$$0000000C)
    .ARM.Collect$$libshutdown$$0000000F      0x080001aa   Section        0  libshutdown2.o(.ARM.Collect$$libshutdown$$0000000F)
    .ARM.Collect$$libshutdown$$00000010      0x080001aa   Section        2  libshutdown2.o(.ARM.Collect$$libshutdown$$00000010)
    .ARM.Collect$$rtentry$$00000000          0x080001ac   Section        0  __rtentry.o(.ARM.Collect$$rtentry$$00000000)
    .ARM.Collect$$rtentry$$00000002          0x080001ac   Section        0  __rtentry2.o(.ARM.Collect$$rtentry$$00000002)
    .ARM.Collect$$rtentry$$00000004          0x080001ac   Section        6  __rtentry4.o(.ARM.Collect$$rtentry$$00000004)
    .ARM.Collect$$rtentry$$00000009          0x080001b2   Section        0  __rtentry2.o(.ARM.Collect$$rtentry$$00000009)
    .ARM.Collect$$rtentry$$0000000A          0x080001b2   Section        4  __rtentry2.o(.ARM.Collect$$rtentry$$0000000A)
    .ARM.Collect$$rtentry$$0000000C          0x080001b6   Section        0  __rtentry2.o(.ARM.Collect$$rtentry$$0000000C)
    .ARM.Collect$$rtentry$$0000000D          0x080001b6   Section        8  __rtentry2.o(.ARM.Collect$$rtentry$$0000000D)
    .ARM.Collect$$rtexit$$00000000           0x080001be   Section        2  rtexit.o(.ARM.Collect$$rtexit$$00000000)
    .ARM.Collect$$rtexit$$00000002           0x080001c0   Section        0  rtexit2.o(.ARM.Collect$$rtexit$$00000002)
    .ARM.Collect$$rtexit$$00000003           0x080001c0   Section        4  rtexit2.o(.ARM.Collect$$rtexit$$00000003)
    .ARM.Collect$$rtexit$$00000004           0x080001c4   Section        6  rtexit2.o(.ARM.Collect$$rtexit$$00000004)
    .text                                    0x080001cc   Section       64  startup_stm32f10x_hd.o(.text)
    .text                                    0x0800020c   Section      138  rt_memcpy_v6.o(.text)
    .text                                    0x08000296   Section       78  rt_memclr_w.o(.text)
    .text                                    0x080002e4   Section        0  heapauxi.o(.text)
    .text                                    0x080002ea   Section      100  rt_memcpy_w.o(.text)
    .text                                    0x0800034e   Section       74  sys_stackheap_outer.o(.text)
    .text                                    0x08000398   Section        0  exit.o(.text)
    .text                                    0x080003ac   Section        8  libspace.o(.text)
    .text                                    0x080003b4   Section        0  sys_exit.o(.text)
    .text                                    0x080003c0   Section        2  use_no_semi.o(.text)
    .text                                    0x080003c2   Section        0  indicate_semi.o(.text)
    i.BusFault_Handler                       0x080003c2   Section        0  stm32f10x_it.o(i.BusFault_Handler)
    i.Configure_DMA                          0x080003c8   Section        0  dma.o(i.Configure_DMA)
    i.Crc_Count                              0x0800043c   Section        0  key.o(i.Crc_Count)
    i.DMA_ClearFlag                          0x08000474   Section        0  stm32f10x_dma.o(i.DMA_ClearFlag)
    i.DMA_Cmd                                0x08000490   Section        0  stm32f10x_dma.o(i.DMA_Cmd)
    i.DMA_DeInit                             0x080004a8   Section        0  stm32f10x_dma.o(i.DMA_DeInit)
    i.DMA_ITConfig                           0x080005f4   Section        0  stm32f10x_dma.o(i.DMA_ITConfig)
    i.DMA_Init                               0x08000606   Section        0  stm32f10x_dma.o(i.DMA_Init)
    i.DMA_SetCurrDataCounter                 0x08000642   Section        0  stm32f10x_dma.o(i.DMA_SetCurrDataCounter)
    i.DebugMon_Handler                       0x08000646   Section        0  stm32f10x_it.o(i.DebugMon_Handler)
    i.Delay                                  0x08000648   Section        0  key.o(i.Delay)
    i.GPIO_Init                              0x08000660   Section        0  stm32f10x_gpio.o(i.GPIO_Init)
    i.HardFault_Handler                      0x08000776   Section        0  stm32f10x_it.o(i.HardFault_Handler)
    i.Hi219m_ParaInit                        0x0800077a   Section        0  hi219.o(i.Hi219m_ParaInit)
    i.Hi226_DataGet                          0x08000784   Section        0  hi219.o(i.Hi226_DataGet)
    i.MemManage_Handler                      0x080007b4   Section        0  stm32f10x_it.o(i.MemManage_Handler)
    i.NMI_Handler                            0x080007b8   Section        0  stm32f10x_it.o(i.NMI_Handler)
    i.NVIC_Init                              0x080007bc   Section        0  misc.o(i.NVIC_Init)
    i.NVIC_PriorityGroupConfig               0x0800082c   Section        0  misc.o(i.NVIC_PriorityGroupConfig)
    i.OnDataReceived                         0x08000840   Section        0  imu_data_decode.o(i.OnDataReceived)
    OnDataReceived                           0x08000841   Thumb Code   334  imu_data_decode.o(i.OnDataReceived)
    i.Packet_Decode                          0x080009b0   Section        0  packet.o(i.Packet_Decode)
    i.Packet_DecodeInit                      0x08000b54   Section        0  packet.o(i.Packet_DecodeInit)
    i.PendSV_Handler                         0x08000b74   Section        0  stm32f10x_it.o(i.PendSV_Handler)
    i.RCC_AHBPeriphClockCmd                  0x08000b78   Section        0  stm32f10x_rcc.o(i.RCC_AHBPeriphClockCmd)
    i.RCC_APB1PeriphClockCmd                 0x08000b98   Section        0  stm32f10x_rcc.o(i.RCC_APB1PeriphClockCmd)
    i.RCC_APB2PeriphClockCmd                 0x08000bb8   Section        0  stm32f10x_rcc.o(i.RCC_APB2PeriphClockCmd)
    i.RCC_GetClocksFreq                      0x08000bd8   Section        0  stm32f10x_rcc.o(i.RCC_GetClocksFreq)
    i.SVC_Handler                            0x08000cac   Section        0  stm32f10x_it.o(i.SVC_Handler)
    i.SetSysClock                            0x08000cae   Section        0  system_stm32f10x.o(i.SetSysClock)
    SetSysClock                              0x08000caf   Thumb Code     8  system_stm32f10x.o(i.SetSysClock)
    i.SetSysClockTo72                        0x08000cb8   Section        0  system_stm32f10x.o(i.SetSysClockTo72)
    SetSysClockTo72                          0x08000cb9   Thumb Code   214  system_stm32f10x.o(i.SetSysClockTo72)
    i.SysTick_Handler                        0x08000d98   Section        0  key.o(i.SysTick_Handler)
    i.SystemInit                             0x08000da0   Section        0  system_stm32f10x.o(i.SystemInit)
    i.TimingDelay_Decrement                  0x08000e00   Section        0  key.o(i.TimingDelay_Decrement)
    i.USART1_IRQHandler                      0x08000e18   Section        0  usart.o(i.USART1_IRQHandler)
    i.USART3_IRQHandler                      0x08000e84   Section        0  key.o(i.USART3_IRQHandler)
    i.USART3_Init                            0x08000ff8   Section        0  key.o(i.USART3_Init)
    i.USART_ClearFlag                        0x080010b0   Section        0  stm32f10x_usart.o(i.USART_ClearFlag)
    i.USART_ClearITPendingBit                0x080010c2   Section        0  stm32f10x_usart.o(i.USART_ClearITPendingBit)
    i.USART_Cmd                              0x080010e0   Section        0  stm32f10x_usart.o(i.USART_Cmd)
    i.USART_DMACmd                           0x080010f8   Section        0  stm32f10x_usart.o(i.USART_DMACmd)
    i.USART_GetFlagStatus                    0x0800110a   Section        0  stm32f10x_usart.o(i.USART_GetFlagStatus)
    i.USART_GetITStatus                      0x08001124   Section        0  stm32f10x_usart.o(i.USART_GetITStatus)
    i.USART_ITConfig                         0x08001178   Section        0  stm32f10x_usart.o(i.USART_ITConfig)
    i.USART_Init                             0x080011c4   Section        0  stm32f10x_usart.o(i.USART_Init)
    i.USART_ReceiveData                      0x0800129c   Section        0  stm32f10x_usart.o(i.USART_ReceiveData)
    i.USART_SendData                         0x080012a6   Section        0  stm32f10x_usart.o(i.USART_SendData)
    i.USART_Transmit                         0x080012ae   Section        0  key.o(i.USART_Transmit)
    i.UsageFault_Handler                     0x080012e8   Section        0  stm32f10x_it.o(i.UsageFault_Handler)
    i.YhexArrayToDecimal                     0x080012ec   Section        0  key.o(i.YhexArrayToDecimal)
    i.Yreset                                 0x08001308   Section        0  encoder.o(i.Yreset)
    i.crc16_update                           0x0800136c   Section        0  packet.o(i.crc16_update)
    crc16_update                             0x0800136d   Thumb Code    60  packet.o(i.crc16_update)
    i.disreset                               0x080013a8   Section        0  encoder.o(i.disreset)
    i.disresetY                              0x08001408   Section        0  encoder.o(i.disresetY)
    i.fnHi219m_DataDecode                    0x0800146c   Section        0  hi219.o(i.fnHi219m_DataDecode)
    i.get_eular                              0x080015d4   Section        0  imu_data_decode.o(i.get_eular)
    i.get_raw_gyo                            0x080015e8   Section        0  imu_data_decode.o(i.get_raw_gyo)
    i.hexArrayToDecimal                      0x080015fc   Section        0  key.o(i.hexArrayToDecimal)
    i.imu_data_decode_init                   0x08001618   Section        0  imu_data_decode.o(i.imu_data_decode_init)
    i.laps_and_distance_algorithm            0x08001630   Section        0  encoder.o(i.laps_and_distance_algorithm)
    i.main                                   0x08001854   Section        0  main.o(i.main)
    i.prepare_data                           0x08001928   Section        0  it.o(i.prepare_data)
    i.reset                                  0x08001998   Section        0  encoder.o(i.reset)
    i.send_data                              0x080019fc   Section        0  it.o(i.send_data)
    i.uart1_init                             0x08001a80   Section        0  usart.o(i.uart1_init)
    i.uart2_init                             0x08001b40   Section        0  usart.o(i.uart2_init)
    x$fpl$d2f                                0x08001be8   Section       98  d2f.o(x$fpl$d2f)
    x$fpl$dmul                               0x08001c4c   Section      340  dmul.o(x$fpl$dmul)
    x$fpl$dnaninf                            0x08001da0   Section      156  dnaninf.o(x$fpl$dnaninf)
    x$fpl$dretinf                            0x08001e3c   Section       12  dretinf.o(x$fpl$dretinf)
    x$fpl$f2d                                0x08001e48   Section       86  f2d.o(x$fpl$f2d)
    x$fpl$fadd                               0x08001ea0   Section      196  faddsub_clz.o(x$fpl$fadd)
    _fadd1                                   0x08001eaf   Thumb Code     0  faddsub_clz.o(x$fpl$fadd)
    x$fpl$fcmpinf                            0x08001f64   Section       24  fcmpi.o(x$fpl$fcmpinf)
    x$fpl$fdiv                               0x08001f7c   Section      388  fdiv.o(x$fpl$fdiv)
    _fdiv1                                   0x08001f7d   Thumb Code     0  fdiv.o(x$fpl$fdiv)
    x$fpl$ffix                               0x08002100   Section       54  ffix.o(x$fpl$ffix)
    x$fpl$fflt                               0x08002138   Section       48  fflt_clz.o(x$fpl$fflt)
    x$fpl$ffltu                              0x08002168   Section       38  fflt_clz.o(x$fpl$ffltu)
    x$fpl$fleqf                              0x08002190   Section      104  fleqf.o(x$fpl$fleqf)
    x$fpl$fnaninf                            0x080021f8   Section      140  fnaninf.o(x$fpl$fnaninf)
    x$fpl$fretinf                            0x08002284   Section       10  fretinf.o(x$fpl$fretinf)
    x$fpl$frleqf                             0x0800228e   Section       98  frleqf.o(x$fpl$frleqf)
    x$fpl$fsub                               0x080022f0   Section      234  faddsub_clz.o(x$fpl$fsub)
    _fsub1                                   0x080022ff   Thumb Code     0  faddsub_clz.o(x$fpl$fsub)
    x$fpl$usenofp                            0x080023da   Section        0  usenofp.o(x$fpl$usenofp)
    .data                                    0x20000000   Section        8  main.o(.data)
    .data                                    0x20000008   Section       32  encoder.o(.data)
    .data                                    0x20000028   Section        3  hi219.o(.data)
    ch                                       0x2000002a   Data           1  hi219.o(.data)
    .data                                    0x2000002c   Section       22  imu_data_decode.o(.data)
    acc                                      0x2000002c   Data           6  imu_data_decode.o(.data)
    gyo                                      0x20000032   Data           6  imu_data_decode.o(.data)
    mag                                      0x20000038   Data           6  imu_data_decode.o(.data)
    id                                       0x2000003e   Data           1  imu_data_decode.o(.data)
    .data                                    0x20000044   Section       36  key.o(.data)
    TimingDelay                              0x20000064   Data           4  key.o(.data)
    .data                                    0x20000068   Section       17  packet.o(.data)
    EventHandler                             0x20000068   Data           4  packet.o(.data)
    RxPkt                                    0x2000006c   Data           4  packet.o(.data)
    CRCReceived                              0x20000070   Data           2  packet.o(.data)
    CRCCalculated                            0x20000072   Data           2  packet.o(.data)
    status                                   0x20000074   Data           1  packet.o(.data)
    crc_header                               0x20000075   Data           4  packet.o(.data)
    .data                                    0x20000079   Section       20  stm32f10x_rcc.o(.data)
    APBAHBPrescTable                         0x20000079   Data          16  stm32f10x_rcc.o(.data)
    ADCPrescTable                            0x20000089   Data           4  stm32f10x_rcc.o(.data)
    .bss                                     0x20000090   Section       80  encoder.o(.bss)
    .bss                                     0x200000e0   Section      188  hi219.o(.bss)
    .bss                                     0x2000019c   Section      168  imu_data_decode.o(.bss)
    RxPkt                                    0x2000019c   Data         140  imu_data_decode.o(.bss)
    eular                                    0x20000228   Data          12  imu_data_decode.o(.bss)
    quat                                     0x20000234   Data          16  imu_data_decode.o(.bss)
    .bss                                     0x20000244   Section       31  key.o(.bss)
    .bss                                     0x20000264   Section      320  it.o(.bss)
    .bss                                     0x200003a4   Section       96  libspace.o(.bss)
    HEAP                                     0x20000408   Section      512  startup_stm32f10x_hd.o(HEAP)
    Heap_Mem                                 0x20000408   Data         512  startup_stm32f10x_hd.o(HEAP)
    STACK                                    0x20000608   Section     1024  startup_stm32f10x_hd.o(STACK)
    Stack_Mem                                0x20000608   Data        1024  startup_stm32f10x_hd.o(STACK)
    __initial_sp                             0x20000a08   Data           0  startup_stm32f10x_hd.o(STACK)

    Global Symbols

    Symbol Name                              Value     Ov Type        Size  Object(Section)

    BuildAttributes$$THM_ISAv4$P$D$K$B$S$PE$A:L22UL41UL21$X:L11$S22US41US21$IEEE1$IW$USESV6$~STKCKD$USESV7$~SHL$OSPACE$ROPI$EBA8$UX$STANDARDLIB$REQ8$PRES8$EABIv2 0x00000000   Number         0  anon$$obj.o ABSOLUTE
    __ARM_use_no_argv                        0x00000000   Number         0  main.o ABSOLUTE
    __ARM_exceptions_init                     - Undefined Weak Reference
    __alloca_initialize                       - Undefined Weak Reference
    __arm_preinit_                            - Undefined Weak Reference
    __cpp_initialize__aeabi_                  - Undefined Weak Reference
    __cxa_finalize                            - Undefined Weak Reference
    __rt_locale                               - Undefined Weak Reference
    __sigvec_lookup                           - Undefined Weak Reference
    _atexit_init                              - Undefined Weak Reference
    _call_atexit_fns                          - Undefined Weak Reference
    _clock_init                               - Undefined Weak Reference
    _fp_trap_init                             - Undefined Weak Reference
    _fp_trap_shutdown                         - Undefined Weak Reference
    _get_lc_collate                           - Undefined Weak Reference
    _get_lc_ctype                             - Undefined Weak Reference
    _get_lc_monetary                          - Undefined Weak Reference
    _get_lc_numeric                           - Undefined Weak Reference
    _get_lc_time                              - Undefined Weak Reference
    _getenv_init                              - Undefined Weak Reference
    _handle_redirection                       - Undefined Weak Reference
    _init_alloc                               - Undefined Weak Reference
    _init_user_alloc                          - Undefined Weak Reference
    _initio                                   - Undefined Weak Reference
    _rand_init                                - Undefined Weak Reference
    _signal_finish                            - Undefined Weak Reference
    _signal_init                              - Undefined Weak Reference
    _terminate_alloc                          - Undefined Weak Reference
    _terminate_user_alloc                     - Undefined Weak Reference
    _terminateio                              - Undefined Weak Reference
    __Vectors_Size                           0x00000130   Number         0  startup_stm32f10x_hd.o ABSOLUTE
    __Vectors                                0x08000000   Data           4  startup_stm32f10x_hd.o(RESET)
    __Vectors_End                            0x08000130   Data           0  startup_stm32f10x_hd.o(RESET)
    __main                                   0x08000131   Thumb Code     8  __main.o(!!!main)
    __scatterload                            0x08000139   Thumb Code     0  __scatter.o(!!!scatter)
    __scatterload_rt2                        0x08000139   Thumb Code    44  __scatter.o(!!!scatter)
    __scatterload_rt2_thumb_only             0x08000139   Thumb Code     0  __scatter.o(!!!scatter)
    __scatterload_null                       0x08000147   Thumb Code     0  __scatter.o(!!!scatter)
    __scatterload_copy                       0x0800016d   Thumb Code    26  __scatter_copy.o(!!handler_copy)
    __scatterload_zeroinit                   0x08000189   Thumb Code    28  __scatter_zi.o(!!handler_zi)
    __rt_lib_init                            0x080001a5   Thumb Code     0  libinit.o(.ARM.Collect$$libinit$$00000000)
    __rt_lib_init_alloca_1                   0x080001a7   Thumb Code     0  libinit2.o(.ARM.Collect$$libinit$$0000002E)
    __rt_lib_init_argv_1                     0x080001a7   Thumb Code     0  libinit2.o(.ARM.Collect$$libinit$$0000002C)
    __rt_lib_init_atexit_1                   0x080001a7   Thumb Code     0  libinit2.o(.ARM.Collect$$libinit$$0000001B)
    __rt_lib_init_clock_1                    0x080001a7   Thumb Code     0  libinit2.o(.ARM.Collect$$libinit$$00000021)
    __rt_lib_init_cpp_1                      0x080001a7   Thumb Code     0  libinit2.o(.ARM.Collect$$libinit$$00000032)
    __rt_lib_init_exceptions_1               0x080001a7   Thumb Code     0  libinit2.o(.ARM.Collect$$libinit$$00000030)
    __rt_lib_init_fp_1                       0x080001a7   Thumb Code     0  libinit2.o(.ARM.Collect$$libinit$$00000002)
    __rt_lib_init_fp_trap_1                  0x080001a7   Thumb Code     0  libinit2.o(.ARM.Collect$$libinit$$0000001F)
    __rt_lib_init_getenv_1                   0x080001a7   Thumb Code     0  libinit2.o(.ARM.Collect$$libinit$$00000023)
    __rt_lib_init_heap_1                     0x080001a7   Thumb Code     0  libinit2.o(.ARM.Collect$$libinit$$0000000A)
    __rt_lib_init_lc_collate_1               0x080001a7   Thumb Code     0  libinit2.o(.ARM.Collect$$libinit$$00000011)
    __rt_lib_init_lc_ctype_1                 0x080001a7   Thumb Code     0  libinit2.o(.ARM.Collect$$libinit$$00000013)
    __rt_lib_init_lc_monetary_1              0x080001a7   Thumb Code     0  libinit2.o(.ARM.Collect$$libinit$$00000015)
    __rt_lib_init_lc_numeric_1               0x080001a7   Thumb Code     0  libinit2.o(.ARM.Collect$$libinit$$00000017)
    __rt_lib_init_lc_time_1                  0x080001a7   Thumb Code     0  libinit2.o(.ARM.Collect$$libinit$$00000019)
    __rt_lib_init_preinit_1                  0x080001a7   Thumb Code     0  libinit2.o(.ARM.Collect$$libinit$$00000004)
    __rt_lib_init_rand_1                     0x080001a7   Thumb Code     0  libinit2.o(.ARM.Collect$$libinit$$0000000E)
    __rt_lib_init_return                     0x080001a7   Thumb Code     0  libinit2.o(.ARM.Collect$$libinit$$00000033)
    __rt_lib_init_signal_1                   0x080001a7   Thumb Code     0  libinit2.o(.ARM.Collect$$libinit$$0000001D)
    __rt_lib_init_stdio_1                    0x080001a7   Thumb Code     0  libinit2.o(.ARM.Collect$$libinit$$00000025)
    __rt_lib_init_user_alloc_1               0x080001a7   Thumb Code     0  libinit2.o(.ARM.Collect$$libinit$$0000000C)
    __rt_lib_shutdown                        0x080001a9   Thumb Code     0  libshutdown.o(.ARM.Collect$$libshutdown$$00000000)
    __rt_lib_shutdown_cpp_1                  0x080001ab   Thumb Code     0  libshutdown2.o(.ARM.Collect$$libshutdown$$00000002)
    __rt_lib_shutdown_fp_trap_1              0x080001ab   Thumb Code     0  libshutdown2.o(.ARM.Collect$$libshutdown$$00000007)
    __rt_lib_shutdown_heap_1                 0x080001ab   Thumb Code     0  libshutdown2.o(.ARM.Collect$$libshutdown$$0000000F)
    __rt_lib_shutdown_return                 0x080001ab   Thumb Code     0  libshutdown2.o(.ARM.Collect$$libshutdown$$00000010)
    __rt_lib_shutdown_signal_1               0x080001ab   Thumb Code     0  libshutdown2.o(.ARM.Collect$$libshutdown$$0000000A)
    __rt_lib_shutdown_stdio_1                0x080001ab   Thumb Code     0  libshutdown2.o(.ARM.Collect$$libshutdown$$00000004)
    __rt_lib_shutdown_user_alloc_1           0x080001ab   Thumb Code     0  libshutdown2.o(.ARM.Collect$$libshutdown$$0000000C)
    __rt_entry                               0x080001ad   Thumb Code     0  __rtentry.o(.ARM.Collect$$rtentry$$00000000)
    __rt_entry_presh_1                       0x080001ad   Thumb Code     0  __rtentry2.o(.ARM.Collect$$rtentry$$00000002)
    __rt_entry_sh                            0x080001ad   Thumb Code     0  __rtentry4.o(.ARM.Collect$$rtentry$$00000004)
    __rt_entry_li                            0x080001b3   Thumb Code     0  __rtentry2.o(.ARM.Collect$$rtentry$$0000000A)
    __rt_entry_postsh_1                      0x080001b3   Thumb Code     0  __rtentry2.o(.ARM.Collect$$rtentry$$00000009)
    __rt_entry_main                          0x080001b7   Thumb Code     0  __rtentry2.o(.ARM.Collect$$rtentry$$0000000D)
    __rt_entry_postli_1                      0x080001b7   Thumb Code     0  __rtentry2.o(.ARM.Collect$$rtentry$$0000000C)
    __rt_exit                                0x080001bf   Thumb Code     0  rtexit.o(.ARM.Collect$$rtexit$$00000000)
    __rt_exit_ls                             0x080001c1   Thumb Code     0  rtexit2.o(.ARM.Collect$$rtexit$$00000003)
    __rt_exit_prels_1                        0x080001c1   Thumb Code     0  rtexit2.o(.ARM.Collect$$rtexit$$00000002)
    __rt_exit_exit                           0x080001c5   Thumb Code     0  rtexit2.o(.ARM.Collect$$rtexit$$00000004)
    Reset_Handler                            0x080001cd   Thumb Code     8  startup_stm32f10x_hd.o(.text)
    ADC1_2_IRQHandler                        0x080001e7   Thumb Code     0  startup_stm32f10x_hd.o(.text)
    ADC3_IRQHandler                          0x080001e7   Thumb Code     0  startup_stm32f10x_hd.o(.text)
    CAN1_RX1_IRQHandler                      0x080001e7   Thumb Code     0  startup_stm32f10x_hd.o(.text)
    CAN1_SCE_IRQHandler                      0x080001e7   Thumb Code     0  startup_stm32f10x_hd.o(.text)
    DMA1_Channel1_IRQHandler                 0x080001e7   Thumb Code     0  startup_stm32f10x_hd.o(.text)
    DMA1_Channel2_IRQHandler                 0x080001e7   Thumb Code     0  startup_stm32f10x_hd.o(.text)
    DMA1_Channel3_IRQHandler                 0x080001e7   Thumb Code     0  startup_stm32f10x_hd.o(.text)
    DMA1_Channel4_IRQHandler                 0x080001e7   Thumb Code     0  startup_stm32f10x_hd.o(.text)
    DMA1_Channel5_IRQHandler                 0x080001e7   Thumb Code     0  startup_stm32f10x_hd.o(.text)
    DMA1_Channel6_IRQHandler                 0x080001e7   Thumb Code     0  startup_stm32f10x_hd.o(.text)
    DMA1_Channel7_IRQHandler                 0x080001e7   Thumb Code     0  startup_stm32f10x_hd.o(.text)
    DMA2_Channel1_IRQHandler                 0x080001e7   Thumb Code     0  startup_stm32f10x_hd.o(.text)
    DMA2_Channel2_IRQHandler                 0x080001e7   Thumb Code     0  startup_stm32f10x_hd.o(.text)
    DMA2_Channel3_IRQHandler                 0x080001e7   Thumb Code     0  startup_stm32f10x_hd.o(.text)
    DMA2_Channel4_5_IRQHandler               0x080001e7   Thumb Code     0  startup_stm32f10x_hd.o(.text)
    EXTI0_IRQHandler                         0x080001e7   Thumb Code     0  startup_stm32f10x_hd.o(.text)
    EXTI15_10_IRQHandler                     0x080001e7   Thumb Code     0  startup_stm32f10x_hd.o(.text)
    EXTI1_IRQHandler                         0x080001e7   Thumb Code     0  startup_stm32f10x_hd.o(.text)
    EXTI2_IRQHandler                         0x080001e7   Thumb Code     0  startup_stm32f10x_hd.o(.text)
    EXTI3_IRQHandler                         0x080001e7   Thumb Code     0  startup_stm32f10x_hd.o(.text)
    EXTI4_IRQHandler                         0x080001e7   Thumb Code     0  startup_stm32f10x_hd.o(.text)
    EXTI9_5_IRQHandler                       0x080001e7   Thumb Code     0  startup_stm32f10x_hd.o(.text)
    FLASH_IRQHandler                         0x080001e7   Thumb Code     0  startup_stm32f10x_hd.o(.text)
    FSMC_IRQHandler                          0x080001e7   Thumb Code     0  startup_stm32f10x_hd.o(.text)
    I2C1_ER_IRQHandler                       0x080001e7   Thumb Code     0  startup_stm32f10x_hd.o(.text)
    I2C1_EV_IRQHandler                       0x080001e7   Thumb Code     0  startup_stm32f10x_hd.o(.text)
    I2C2_ER_IRQHandler                       0x080001e7   Thumb Code     0  startup_stm32f10x_hd.o(.text)
    I2C2_EV_IRQHandler                       0x080001e7   Thumb Code     0  startup_stm32f10x_hd.o(.text)
    PVD_IRQHandler                           0x080001e7   Thumb Code     0  startup_stm32f10x_hd.o(.text)
    RCC_IRQHandler                           0x080001e7   Thumb Code     0  startup_stm32f10x_hd.o(.text)
    RTCAlarm_IRQHandler                      0x080001e7   Thumb Code     0  startup_stm32f10x_hd.o(.text)
    RTC_IRQHandler                           0x080001e7   Thumb Code     0  startup_stm32f10x_hd.o(.text)
    SDIO_IRQHandler                          0x080001e7   Thumb Code     0  startup_stm32f10x_hd.o(.text)
    SPI1_IRQHandler                          0x080001e7   Thumb Code     0  startup_stm32f10x_hd.o(.text)
    SPI2_IRQHandler                          0x080001e7   Thumb Code     0  startup_stm32f10x_hd.o(.text)
    SPI3_IRQHandler                          0x080001e7   Thumb Code     0  startup_stm32f10x_hd.o(.text)
    TAMPER_IRQHandler                        0x080001e7   Thumb Code     0  startup_stm32f10x_hd.o(.text)
    TIM1_BRK_IRQHandler                      0x080001e7   Thumb Code     0  startup_stm32f10x_hd.o(.text)
    TIM1_CC_IRQHandler                       0x080001e7   Thumb Code     0  startup_stm32f10x_hd.o(.text)
    TIM1_TRG_COM_IRQHandler                  0x080001e7   Thumb Code     0  startup_stm32f10x_hd.o(.text)
    TIM1_UP_IRQHandler                       0x080001e7   Thumb Code     0  startup_stm32f10x_hd.o(.text)
    TIM2_IRQHandler                          0x080001e7   Thumb Code     0  startup_stm32f10x_hd.o(.text)
    TIM3_IRQHandler                          0x080001e7   Thumb Code     0  startup_stm32f10x_hd.o(.text)
    TIM4_IRQHandler                          0x080001e7   Thumb Code     0  startup_stm32f10x_hd.o(.text)
    TIM5_IRQHandler                          0x080001e7   Thumb Code     0  startup_stm32f10x_hd.o(.text)
    TIM6_IRQHandler                          0x080001e7   Thumb Code     0  startup_stm32f10x_hd.o(.text)
    TIM7_IRQHandler                          0x080001e7   Thumb Code     0  startup_stm32f10x_hd.o(.text)
    TIM8_BRK_IRQHandler                      0x080001e7   Thumb Code     0  startup_stm32f10x_hd.o(.text)
    TIM8_CC_IRQHandler                       0x080001e7   Thumb Code     0  startup_stm32f10x_hd.o(.text)
    TIM8_TRG_COM_IRQHandler                  0x080001e7   Thumb Code     0  startup_stm32f10x_hd.o(.text)
    TIM8_UP_IRQHandler                       0x080001e7   Thumb Code     0  startup_stm32f10x_hd.o(.text)
    UART4_IRQHandler                         0x080001e7   Thumb Code     0  startup_stm32f10x_hd.o(.text)
    UART5_IRQHandler                         0x080001e7   Thumb Code     0  startup_stm32f10x_hd.o(.text)
    USART2_IRQHandler                        0x080001e7   Thumb Code     0  startup_stm32f10x_hd.o(.text)
    USBWakeUp_IRQHandler                     0x080001e7   Thumb Code     0  startup_stm32f10x_hd.o(.text)
    USB_HP_CAN1_TX_IRQHandler                0x080001e7   Thumb Code     0  startup_stm32f10x_hd.o(.text)
    USB_LP_CAN1_RX0_IRQHandler               0x080001e7   Thumb Code     0  startup_stm32f10x_hd.o(.text)
    WWDG_IRQHandler                          0x080001e7   Thumb Code     0  startup_stm32f10x_hd.o(.text)
    __user_initial_stackheap                 0x080001e9   Thumb Code     0  startup_stm32f10x_hd.o(.text)
    __aeabi_memcpy                           0x0800020d   Thumb Code     0  rt_memcpy_v6.o(.text)
    __rt_memcpy                              0x0800020d   Thumb Code   138  rt_memcpy_v6.o(.text)
    _memcpy_lastbytes                        0x08000273   Thumb Code     0  rt_memcpy_v6.o(.text)
    __aeabi_memclr4                          0x08000297   Thumb Code     0  rt_memclr_w.o(.text)
    __aeabi_memclr8                          0x08000297   Thumb Code     0  rt_memclr_w.o(.text)
    __rt_memclr_w                            0x08000297   Thumb Code    78  rt_memclr_w.o(.text)
    _memset_w                                0x0800029b   Thumb Code     0  rt_memclr_w.o(.text)
    __use_two_region_memory                  0x080002e5   Thumb Code     2  heapauxi.o(.text)
    __rt_heap_escrow$2region                 0x080002e7   Thumb Code     2  heapauxi.o(.text)
    __rt_heap_expand$2region                 0x080002e9   Thumb Code     2  heapauxi.o(.text)
    __aeabi_memcpy4                          0x080002eb   Thumb Code     0  rt_memcpy_w.o(.text)
    __aeabi_memcpy8                          0x080002eb   Thumb Code     0  rt_memcpy_w.o(.text)
    __rt_memcpy_w                            0x080002eb   Thumb Code   100  rt_memcpy_w.o(.text)
    _memcpy_lastbytes_aligned                0x08000333   Thumb Code     0  rt_memcpy_w.o(.text)
    __user_setup_stackheap                   0x0800034f   Thumb Code    74  sys_stackheap_outer.o(.text)
    exit                                     0x08000399   Thumb Code    18  exit.o(.text)
    __user_libspace                          0x080003ad   Thumb Code     8  libspace.o(.text)
    __user_perproc_libspace                  0x080003ad   Thumb Code     0  libspace.o(.text)
    __user_perthread_libspace                0x080003ad   Thumb Code     0  libspace.o(.text)
    _sys_exit                                0x080003b5   Thumb Code     8  sys_exit.o(.text)
    __I$use$semihosting                      0x080003c1   Thumb Code     0  use_no_semi.o(.text)
    __use_no_semihosting_swi                 0x080003c1   Thumb Code     2  use_no_semi.o(.text)
    BusFault_Handler                         0x080003c3   Thumb Code     4  stm32f10x_it.o(i.BusFault_Handler)
    __semihosting_library_function           0x080003c3   Thumb Code     0  indicate_semi.o(.text)
    Configure_DMA                            0x080003c9   Thumb Code   102  dma.o(i.Configure_DMA)
    Crc_Count                                0x0800043d   Thumb Code    54  key.o(i.Crc_Count)
    DMA_ClearFlag                            0x08000475   Thumb Code    18  stm32f10x_dma.o(i.DMA_ClearFlag)
    DMA_Cmd                                  0x08000491   Thumb Code    24  stm32f10x_dma.o(i.DMA_Cmd)
    DMA_DeInit                               0x080004a9   Thumb Code   324  stm32f10x_dma.o(i.DMA_DeInit)
    DMA_ITConfig                             0x080005f5   Thumb Code    18  stm32f10x_dma.o(i.DMA_ITConfig)
    DMA_Init                                 0x08000607   Thumb Code    60  stm32f10x_dma.o(i.DMA_Init)
    DMA_SetCurrDataCounter                   0x08000643   Thumb Code     4  stm32f10x_dma.o(i.DMA_SetCurrDataCounter)
    DebugMon_Handler                         0x08000647   Thumb Code     2  stm32f10x_it.o(i.DebugMon_Handler)
    Delay                                    0x08000649   Thumb Code    20  key.o(i.Delay)
    GPIO_Init                                0x08000661   Thumb Code   278  stm32f10x_gpio.o(i.GPIO_Init)
    HardFault_Handler                        0x08000777   Thumb Code     4  stm32f10x_it.o(i.HardFault_Handler)
    Hi219m_ParaInit                          0x0800077b   Thumb Code     8  hi219.o(i.Hi219m_ParaInit)
    Hi226_DataGet                            0x08000785   Thumb Code    36  hi219.o(i.Hi226_DataGet)
    MemManage_Handler                        0x080007b5   Thumb Code     4  stm32f10x_it.o(i.MemManage_Handler)
    NMI_Handler                              0x080007b9   Thumb Code     2  stm32f10x_it.o(i.NMI_Handler)
    NVIC_Init                                0x080007bd   Thumb Code   100  misc.o(i.NVIC_Init)
    NVIC_PriorityGroupConfig                 0x0800082d   Thumb Code    10  misc.o(i.NVIC_PriorityGroupConfig)
    Packet_Decode                            0x080009b1   Thumb Code   396  packet.o(i.Packet_Decode)
    Packet_DecodeInit                        0x08000b55   Thumb Code    24  packet.o(i.Packet_DecodeInit)
    PendSV_Handler                           0x08000b75   Thumb Code     2  stm32f10x_it.o(i.PendSV_Handler)
    RCC_AHBPeriphClockCmd                    0x08000b79   Thumb Code    26  stm32f10x_rcc.o(i.RCC_AHBPeriphClockCmd)
    RCC_APB1PeriphClockCmd                   0x08000b99   Thumb Code    26  stm32f10x_rcc.o(i.RCC_APB1PeriphClockCmd)
    RCC_APB2PeriphClockCmd                   0x08000bb9   Thumb Code    26  stm32f10x_rcc.o(i.RCC_APB2PeriphClockCmd)
    RCC_GetClocksFreq                        0x08000bd9   Thumb Code   192  stm32f10x_rcc.o(i.RCC_GetClocksFreq)
    SVC_Handler                              0x08000cad   Thumb Code     2  stm32f10x_it.o(i.SVC_Handler)
    SysTick_Handler                          0x08000d99   Thumb Code     8  key.o(i.SysTick_Handler)
    SystemInit                               0x08000da1   Thumb Code    78  system_stm32f10x.o(i.SystemInit)
    TimingDelay_Decrement                    0x08000e01   Thumb Code    18  key.o(i.TimingDelay_Decrement)
    USART1_IRQHandler                        0x08000e19   Thumb Code    96  usart.o(i.USART1_IRQHandler)
    USART3_IRQHandler                        0x08000e85   Thumb Code   338  key.o(i.USART3_IRQHandler)
    USART3_Init                              0x08000ff9   Thumb Code   174  key.o(i.USART3_Init)
    USART_ClearFlag                          0x080010b1   Thumb Code    18  stm32f10x_usart.o(i.USART_ClearFlag)
    USART_ClearITPendingBit                  0x080010c3   Thumb Code    30  stm32f10x_usart.o(i.USART_ClearITPendingBit)
    USART_Cmd                                0x080010e1   Thumb Code    24  stm32f10x_usart.o(i.USART_Cmd)
    USART_DMACmd                             0x080010f9   Thumb Code    18  stm32f10x_usart.o(i.USART_DMACmd)
    USART_GetFlagStatus                      0x0800110b   Thumb Code    26  stm32f10x_usart.o(i.USART_GetFlagStatus)
    USART_GetITStatus                        0x08001125   Thumb Code    84  stm32f10x_usart.o(i.USART_GetITStatus)
    USART_ITConfig                           0x08001179   Thumb Code    74  stm32f10x_usart.o(i.USART_ITConfig)
    USART_Init                               0x080011c5   Thumb Code   210  stm32f10x_usart.o(i.USART_Init)
    USART_ReceiveData                        0x0800129d   Thumb Code    10  stm32f10x_usart.o(i.USART_ReceiveData)
    USART_SendData                           0x080012a7   Thumb Code     8  stm32f10x_usart.o(i.USART_SendData)
    USART_Transmit                           0x080012af   Thumb Code    58  key.o(i.USART_Transmit)
    UsageFault_Handler                       0x080012e9   Thumb Code     4  stm32f10x_it.o(i.UsageFault_Handler)
    YhexArrayToDecimal                       0x080012ed   Thumb Code    26  key.o(i.YhexArrayToDecimal)
    Yreset                                   0x08001309   Thumb Code    80  encoder.o(i.Yreset)
    disreset                                 0x080013a9   Thumb Code    76  encoder.o(i.disreset)
    disresetY                                0x08001409   Thumb Code    80  encoder.o(i.disresetY)
    fnHi219m_DataDecode                      0x0800146d   Thumb Code   338  hi219.o(i.fnHi219m_DataDecode)
    get_eular                                0x080015d5   Thumb Code    14  imu_data_decode.o(i.get_eular)
    get_raw_gyo                              0x080015e9   Thumb Code    16  imu_data_decode.o(i.get_raw_gyo)
    hexArrayToDecimal                        0x080015fd   Thumb Code    26  key.o(i.hexArrayToDecimal)
    imu_data_decode_init                     0x08001619   Thumb Code    14  imu_data_decode.o(i.imu_data_decode_init)
    laps_and_distance_algorithm              0x08001631   Thumb Code   492  encoder.o(i.laps_and_distance_algorithm)
    main                                     0x08001855   Thumb Code   184  main.o(i.main)
    prepare_data                             0x08001929   Thumb Code   100  it.o(i.prepare_data)
    reset                                    0x08001999   Thumb Code    80  encoder.o(i.reset)
    send_data                                0x080019fd   Thumb Code   118  it.o(i.send_data)
    uart1_init                               0x08001a81   Thumb Code   184  usart.o(i.uart1_init)
    uart2_init                               0x08001b41   Thumb Code   158  usart.o(i.uart2_init)
    __aeabi_d2f                              0x08001be9   Thumb Code     0  d2f.o(x$fpl$d2f)
    _d2f                                     0x08001be9   Thumb Code    98  d2f.o(x$fpl$d2f)
    __aeabi_dmul                             0x08001c4d   Thumb Code     0  dmul.o(x$fpl$dmul)
    _dmul                                    0x08001c4d   Thumb Code   332  dmul.o(x$fpl$dmul)
    __fpl_dnaninf                            0x08001da1   Thumb Code   156  dnaninf.o(x$fpl$dnaninf)
    __fpl_dretinf                            0x08001e3d   Thumb Code    12  dretinf.o(x$fpl$dretinf)
    __aeabi_f2d                              0x08001e49   Thumb Code     0  f2d.o(x$fpl$f2d)
    _f2d                                     0x08001e49   Thumb Code    86  f2d.o(x$fpl$f2d)
    __aeabi_fadd                             0x08001ea1   Thumb Code     0  faddsub_clz.o(x$fpl$fadd)
    _fadd                                    0x08001ea1   Thumb Code   196  faddsub_clz.o(x$fpl$fadd)
    __fpl_fcmp_Inf                           0x08001f65   Thumb Code    24  fcmpi.o(x$fpl$fcmpinf)
    __aeabi_fdiv                             0x08001f7d   Thumb Code     0  fdiv.o(x$fpl$fdiv)
    _fdiv                                    0x08001f7d   Thumb Code   384  fdiv.o(x$fpl$fdiv)
    __aeabi_f2iz                             0x08002101   Thumb Code     0  ffix.o(x$fpl$ffix)
    _ffix                                    0x08002101   Thumb Code    54  ffix.o(x$fpl$ffix)
    __aeabi_i2f                              0x08002139   Thumb Code     0  fflt_clz.o(x$fpl$fflt)
    _fflt                                    0x08002139   Thumb Code    48  fflt_clz.o(x$fpl$fflt)
    __aeabi_ui2f                             0x08002169   Thumb Code     0  fflt_clz.o(x$fpl$ffltu)
    _ffltu                                   0x08002169   Thumb Code    38  fflt_clz.o(x$fpl$ffltu)
    __aeabi_cfcmple                          0x08002191   Thumb Code     0  fleqf.o(x$fpl$fleqf)
    _fcmple                                  0x08002191   Thumb Code   104  fleqf.o(x$fpl$fleqf)
    __fpl_fcmple_InfNaN                      0x080021e3   Thumb Code     0  fleqf.o(x$fpl$fleqf)
    __fpl_fnaninf                            0x080021f9   Thumb Code   140  fnaninf.o(x$fpl$fnaninf)
    __fpl_fretinf                            0x08002285   Thumb Code    10  fretinf.o(x$fpl$fretinf)
    __aeabi_cfrcmple                         0x0800228f   Thumb Code     0  frleqf.o(x$fpl$frleqf)
    _frcmple                                 0x0800228f   Thumb Code    98  frleqf.o(x$fpl$frleqf)
    __aeabi_fsub                             0x080022f1   Thumb Code     0  faddsub_clz.o(x$fpl$fsub)
    _fsub                                    0x080022f1   Thumb Code   234  faddsub_clz.o(x$fpl$fsub)
    __I$use$fp                               0x080023da   Number         0  usenofp.o(x$fpl$usenofp)
    Region$$Table$$Base                      0x080023dc   Number         0  anon$$obj.o(Region$$Table)
    Region$$Table$$Limit                     0x080023fc   Number         0  anon$$obj.o(Region$$Table)
    sb                                       0x20000000   Data           4  main.o(.data)
    isb                                      0x20000004   Data           4  main.o(.data)
    uio                                      0x20000008   Data           1  encoder.o(.data)
    CRC_6                                    0x2000000a   Data           2  encoder.o(.data)
    Yaw                                      0x2000000c   Data           4  encoder.o(.data)
    Encoder_X1                               0x20000010   Data           4  encoder.o(.data)
    Encoder_Y1                               0x20000014   Data           4  encoder.o(.data)
    Y_distance_mm11                          0x20000018   Data           4  encoder.o(.data)
    X_distance_mm11                          0x2000001c   Data           4  encoder.o(.data)
    X_laps1                                  0x20000020   Data           4  encoder.o(.data)
    Y_laps1                                  0x20000024   Data           4  encoder.o(.data)
    P_uintH219BuffLength                     0x20000028   Data           2  hi219.o(.data)
    a10223                                   0x20000040   Data           2  imu_data_decode.o(.data)
    ReceiveData                              0x20000044   Data           1  key.o(.data)
    Encoder_XA                               0x20000045   Data           4  key.o(.data)
    Encoder_YA                               0x20000049   Data           4  key.o(.data)
    Encoder_X                                0x20000050   Data           4  key.o(.data)
    Encoder_Y                                0x20000054   Data           4  key.o(.data)
    laps                                     0x20000058   Data           1  key.o(.data)
    USART1_i                                 0x20000059   Data           1  key.o(.data)
    Encoder_Data                             0x2000005c   Data           4  key.o(.data)
    Encoder_value                            0x20000060   Data           4  key.o(.data)
    Positioning                              0x20000090   Data          32  encoder.o(.bss)
    AD_Value                                 0x200000b0   Data          48  encoder.o(.bss)
    P_uintH219MDataBuffer                    0x200000e0   Data         128  hi219.o(.bss)
    P_stHi219m                               0x20000160   Data          60  hi219.o(.bss)
    ReceiveData_All                          0x20000244   Data           9  key.o(.bss)
    SendData_All                             0x2000024d   Data          11  key.o(.bss)
    YSendData_All                            0x20000258   Data          11  key.o(.bss)
    uart_tx_buffer                           0x20000264   Data         256  it.o(.bss)
    remote_states                            0x20000364   Data          64  it.o(.bss)
    __libspace_start                         0x200003a4   Data          96  libspace.o(.bss)
    __temporary_stack_top$libspace           0x20000404   Data           0  libspace.o(.bss)



==============================================================================

Memory Map of the image

  Image Entry point : 0x080001cd

  Load Region LR_1 (Base: 0x08000000, Size: 0x0000248c, Max: 0xffffffff, ABSOLUTE)

    Execution Region ER_RO (Exec base: 0x08000000, Load base: 0x08000000, Size: 0x000023fc, Max: 0xffffffff, ABSOLUTE)

    Exec Addr    Load Addr    Size         Type   Attr      Idx    E Section Name        Object

    0x08000000   0x08000000   0x00000130   Data   RO          704    RESET               startup_stm32f10x_hd.o
    0x08000130   0x08000130   0x00000008   Code   RO         3684  * !!!main             c_w.l(__main.o)
    0x08000138   0x08000138   0x00000034   Code   RO         3884    !!!scatter          c_w.l(__scatter.o)
    0x0800016c   0x0800016c   0x0000001a   Code   RO         3886    !!handler_copy      c_w.l(__scatter_copy.o)
    0x08000186   0x08000186   0x00000002   PAD
    0x08000188   0x08000188   0x0000001c   Code   RO         3888    !!handler_zi        c_w.l(__scatter_zi.o)
    0x080001a4   0x080001a4   0x00000002   Code   RO         3754    .ARM.Collect$$libinit$$00000000  c_w.l(libinit.o)
    0x080001a6   0x080001a6   0x00000000   Code   RO         3761    .ARM.Collect$$libinit$$00000002  c_w.l(libinit2.o)
    0x080001a6   0x080001a6   0x00000000   Code   RO         3763    .ARM.Collect$$libinit$$00000004  c_w.l(libinit2.o)
    0x080001a6   0x080001a6   0x00000000   Code   RO         3766    .ARM.Collect$$libinit$$0000000A  c_w.l(libinit2.o)
    0x080001a6   0x080001a6   0x00000000   Code   RO         3768    .ARM.Collect$$libinit$$0000000C  c_w.l(libinit2.o)
    0x080001a6   0x080001a6   0x00000000   Code   RO         3770    .ARM.Collect$$libinit$$0000000E  c_w.l(libinit2.o)
    0x080001a6   0x080001a6   0x00000000   Code   RO         3773    .ARM.Collect$$libinit$$00000011  c_w.l(libinit2.o)
    0x080001a6   0x080001a6   0x00000000   Code   RO         3775    .ARM.Collect$$libinit$$00000013  c_w.l(libinit2.o)
    0x080001a6   0x080001a6   0x00000000   Code   RO         3777    .ARM.Collect$$libinit$$00000015  c_w.l(libinit2.o)
    0x080001a6   0x080001a6   0x00000000   Code   RO         3779    .ARM.Collect$$libinit$$00000017  c_w.l(libinit2.o)
    0x080001a6   0x080001a6   0x00000000   Code   RO         3781    .ARM.Collect$$libinit$$00000019  c_w.l(libinit2.o)
    0x080001a6   0x080001a6   0x00000000   Code   RO         3783    .ARM.Collect$$libinit$$0000001B  c_w.l(libinit2.o)
    0x080001a6   0x080001a6   0x00000000   Code   RO         3785    .ARM.Collect$$libinit$$0000001D  c_w.l(libinit2.o)
    0x080001a6   0x080001a6   0x00000000   Code   RO         3787    .ARM.Collect$$libinit$$0000001F  c_w.l(libinit2.o)
    0x080001a6   0x080001a6   0x00000000   Code   RO         3789    .ARM.Collect$$libinit$$00000021  c_w.l(libinit2.o)
    0x080001a6   0x080001a6   0x00000000   Code   RO         3791    .ARM.Collect$$libinit$$00000023  c_w.l(libinit2.o)
    0x080001a6   0x080001a6   0x00000000   Code   RO         3793    .ARM.Collect$$libinit$$00000025  c_w.l(libinit2.o)
    0x080001a6   0x080001a6   0x00000000   Code   RO         3797    .ARM.Collect$$libinit$$0000002C  c_w.l(libinit2.o)
    0x080001a6   0x080001a6   0x00000000   Code   RO         3799    .ARM.Collect$$libinit$$0000002E  c_w.l(libinit2.o)
    0x080001a6   0x080001a6   0x00000000   Code   RO         3801    .ARM.Collect$$libinit$$00000030  c_w.l(libinit2.o)
    0x080001a6   0x080001a6   0x00000000   Code   RO         3803    .ARM.Collect$$libinit$$00000032  c_w.l(libinit2.o)
    0x080001a6   0x080001a6   0x00000002   Code   RO         3804    .ARM.Collect$$libinit$$00000033  c_w.l(libinit2.o)
    0x080001a8   0x080001a8   0x00000002   Code   RO         3824    .ARM.Collect$$libshutdown$$00000000  c_w.l(libshutdown.o)
    0x080001aa   0x080001aa   0x00000000   Code   RO         3837    .ARM.Collect$$libshutdown$$00000002  c_w.l(libshutdown2.o)
    0x080001aa   0x080001aa   0x00000000   Code   RO         3839    .ARM.Collect$$libshutdown$$00000004  c_w.l(libshutdown2.o)
    0x080001aa   0x080001aa   0x00000000   Code   RO         3842    .ARM.Collect$$libshutdown$$00000007  c_w.l(libshutdown2.o)
    0x080001aa   0x080001aa   0x00000000   Code   RO         3845    .ARM.Collect$$libshutdown$$0000000A  c_w.l(libshutdown2.o)
    0x080001aa   0x080001aa   0x00000000   Code   RO         3847    .ARM.Collect$$libshutdown$$0000000C  c_w.l(libshutdown2.o)
    0x080001aa   0x080001aa   0x00000000   Code   RO         3850    .ARM.Collect$$libshutdown$$0000000F  c_w.l(libshutdown2.o)
    0x080001aa   0x080001aa   0x00000002   Code   RO         3851    .ARM.Collect$$libshutdown$$00000010  c_w.l(libshutdown2.o)
    0x080001ac   0x080001ac   0x00000000   Code   RO         3716    .ARM.Collect$$rtentry$$00000000  c_w.l(__rtentry.o)
    0x080001ac   0x080001ac   0x00000000   Code   RO         3731    .ARM.Collect$$rtentry$$00000002  c_w.l(__rtentry2.o)
    0x080001ac   0x080001ac   0x00000006   Code   RO         3743    .ARM.Collect$$rtentry$$00000004  c_w.l(__rtentry4.o)
    0x080001b2   0x080001b2   0x00000000   Code   RO         3733    .ARM.Collect$$rtentry$$00000009  c_w.l(__rtentry2.o)
    0x080001b2   0x080001b2   0x00000004   Code   RO         3734    .ARM.Collect$$rtentry$$0000000A  c_w.l(__rtentry2.o)
    0x080001b6   0x080001b6   0x00000000   Code   RO         3736    .ARM.Collect$$rtentry$$0000000C  c_w.l(__rtentry2.o)
    0x080001b6   0x080001b6   0x00000008   Code   RO         3737    .ARM.Collect$$rtentry$$0000000D  c_w.l(__rtentry2.o)
    0x080001be   0x080001be   0x00000002   Code   RO         3758    .ARM.Collect$$rtexit$$00000000  c_w.l(rtexit.o)
    0x080001c0   0x080001c0   0x00000000   Code   RO         3806    .ARM.Collect$$rtexit$$00000002  c_w.l(rtexit2.o)
    0x080001c0   0x080001c0   0x00000004   Code   RO         3807    .ARM.Collect$$rtexit$$00000003  c_w.l(rtexit2.o)
    0x080001c4   0x080001c4   0x00000006   Code   RO         3808    .ARM.Collect$$rtexit$$00000004  c_w.l(rtexit2.o)
    0x080001ca   0x080001ca   0x00000002   PAD
    0x080001cc   0x080001cc   0x00000040   Code   RO          705  * .text               startup_stm32f10x_hd.o
    0x0800020c   0x0800020c   0x0000008a   Code   RO         3678    .text               c_w.l(rt_memcpy_v6.o)
    0x08000296   0x08000296   0x0000004e   Code   RO         3680    .text               c_w.l(rt_memclr_w.o)
    0x080002e4   0x080002e4   0x00000006   Code   RO         3682    .text               c_w.l(heapauxi.o)
    0x080002ea   0x080002ea   0x00000064   Code   RO         3717    .text               c_w.l(rt_memcpy_w.o)
    0x0800034e   0x0800034e   0x0000004a   Code   RO         3745    .text               c_w.l(sys_stackheap_outer.o)
    0x08000398   0x08000398   0x00000012   Code   RO         3747    .text               c_w.l(exit.o)
    0x080003aa   0x080003aa   0x00000002   PAD
    0x080003ac   0x080003ac   0x00000008   Code   RO         3755    .text               c_w.l(libspace.o)
    0x080003b4   0x080003b4   0x0000000c   Code   RO         3816    .text               c_w.l(sys_exit.o)
    0x080003c0   0x080003c0   0x00000002   Code   RO         3827    .text               c_w.l(use_no_semi.o)
    0x080003c2   0x080003c2   0x00000000   Code   RO         3829    .text               c_w.l(indicate_semi.o)
    0x080003c2   0x080003c2   0x00000004   Code   RO          157    i.BusFault_Handler  stm32f10x_it.o
    0x080003c6   0x080003c6   0x00000002   PAD
    0x080003c8   0x080003c8   0x00000074   Code   RO          536    i.Configure_DMA     dma.o
    0x0800043c   0x0800043c   0x00000036   Code   RO          402    i.Crc_Count         key.o
    0x08000472   0x08000472   0x00000002   PAD
    0x08000474   0x08000474   0x0000001c   Code   RO         1434    i.DMA_ClearFlag     stm32f10x_dma.o
    0x08000490   0x08000490   0x00000018   Code   RO         1436    i.DMA_Cmd           stm32f10x_dma.o
    0x080004a8   0x080004a8   0x0000014c   Code   RO         1437    i.DMA_DeInit        stm32f10x_dma.o
    0x080005f4   0x080005f4   0x00000012   Code   RO         1441    i.DMA_ITConfig      stm32f10x_dma.o
    0x08000606   0x08000606   0x0000003c   Code   RO         1442    i.DMA_Init          stm32f10x_dma.o
    0x08000642   0x08000642   0x00000004   Code   RO         1443    i.DMA_SetCurrDataCounter  stm32f10x_dma.o
    0x08000646   0x08000646   0x00000002   Code   RO          158    i.DebugMon_Handler  stm32f10x_it.o
    0x08000648   0x08000648   0x00000018   Code   RO          403    i.Delay             key.o
    0x08000660   0x08000660   0x00000116   Code   RO         1860    i.GPIO_Init         stm32f10x_gpio.o
    0x08000776   0x08000776   0x00000004   Code   RO          159    i.HardFault_Handler  stm32f10x_it.o
    0x0800077a   0x0800077a   0x00000008   Code   RO          300    i.Hi219m_ParaInit   hi219.o
    0x08000782   0x08000782   0x00000002   PAD
    0x08000784   0x08000784   0x00000030   Code   RO          301    i.Hi226_DataGet     hi219.o
    0x080007b4   0x080007b4   0x00000004   Code   RO          160    i.MemManage_Handler  stm32f10x_it.o
    0x080007b8   0x080007b8   0x00000002   Code   RO          161    i.NMI_Handler       stm32f10x_it.o
    0x080007ba   0x080007ba   0x00000002   PAD
    0x080007bc   0x080007bc   0x00000070   Code   RO          709    i.NVIC_Init         misc.o
    0x0800082c   0x0800082c   0x00000014   Code   RO          710    i.NVIC_PriorityGroupConfig  misc.o
    0x08000840   0x08000840   0x00000170   Code   RO          335    i.OnDataReceived    imu_data_decode.o
    0x080009b0   0x080009b0   0x000001a4   Code   RO          485    i.Packet_Decode     packet.o
    0x08000b54   0x08000b54   0x00000020   Code   RO          486    i.Packet_DecodeInit  packet.o
    0x08000b74   0x08000b74   0x00000002   Code   RO          162    i.PendSV_Handler    stm32f10x_it.o
    0x08000b76   0x08000b76   0x00000002   PAD
    0x08000b78   0x08000b78   0x00000020   Code   RO         2275    i.RCC_AHBPeriphClockCmd  stm32f10x_rcc.o
    0x08000b98   0x08000b98   0x00000020   Code   RO         2276    i.RCC_APB1PeriphClockCmd  stm32f10x_rcc.o
    0x08000bb8   0x08000bb8   0x00000020   Code   RO         2278    i.RCC_APB2PeriphClockCmd  stm32f10x_rcc.o
    0x08000bd8   0x08000bd8   0x000000d4   Code   RO         2286    i.RCC_GetClocksFreq  stm32f10x_rcc.o
    0x08000cac   0x08000cac   0x00000002   Code   RO          163    i.SVC_Handler       stm32f10x_it.o
    0x08000cae   0x08000cae   0x00000008   Code   RO          658    i.SetSysClock       system_stm32f10x.o
    0x08000cb6   0x08000cb6   0x00000002   PAD
    0x08000cb8   0x08000cb8   0x000000e0   Code   RO          659    i.SetSysClockTo72   system_stm32f10x.o
    0x08000d98   0x08000d98   0x00000008   Code   RO          405    i.SysTick_Handler   key.o
    0x08000da0   0x08000da0   0x00000060   Code   RO          661    i.SystemInit        system_stm32f10x.o
    0x08000e00   0x08000e00   0x00000018   Code   RO          406    i.TimingDelay_Decrement  key.o
    0x08000e18   0x08000e18   0x0000006c   Code   RO          625    i.USART1_IRQHandler  usart.o
    0x08000e84   0x08000e84   0x00000174   Code   RO          407    i.USART3_IRQHandler  key.o
    0x08000ff8   0x08000ff8   0x000000b8   Code   RO          408    i.USART3_Init       key.o
    0x080010b0   0x080010b0   0x00000012   Code   RO         3442    i.USART_ClearFlag   stm32f10x_usart.o
    0x080010c2   0x080010c2   0x0000001e   Code   RO         3443    i.USART_ClearITPendingBit  stm32f10x_usart.o
    0x080010e0   0x080010e0   0x00000018   Code   RO         3446    i.USART_Cmd         stm32f10x_usart.o
    0x080010f8   0x080010f8   0x00000012   Code   RO         3447    i.USART_DMACmd      stm32f10x_usart.o
    0x0800110a   0x0800110a   0x0000001a   Code   RO         3449    i.USART_GetFlagStatus  stm32f10x_usart.o
    0x08001124   0x08001124   0x00000054   Code   RO         3450    i.USART_GetITStatus  stm32f10x_usart.o
    0x08001178   0x08001178   0x0000004a   Code   RO         3452    i.USART_ITConfig    stm32f10x_usart.o
    0x080011c2   0x080011c2   0x00000002   PAD
    0x080011c4   0x080011c4   0x000000d8   Code   RO         3453    i.USART_Init        stm32f10x_usart.o
    0x0800129c   0x0800129c   0x0000000a   Code   RO         3460    i.USART_ReceiveData  stm32f10x_usart.o
    0x080012a6   0x080012a6   0x00000008   Code   RO         3463    i.USART_SendData    stm32f10x_usart.o
    0x080012ae   0x080012ae   0x0000003a   Code   RO          409    i.USART_Transmit    key.o
    0x080012e8   0x080012e8   0x00000004   Code   RO          164    i.UsageFault_Handler  stm32f10x_it.o
    0x080012ec   0x080012ec   0x0000001a   Code   RO          411    i.YhexArrayToDecimal  key.o
    0x08001306   0x08001306   0x00000002   PAD
    0x08001308   0x08001308   0x00000064   Code   RO          219    i.Yreset            encoder.o
    0x0800136c   0x0800136c   0x0000003c   Code   RO          488    i.crc16_update      packet.o
    0x080013a8   0x080013a8   0x00000060   Code   RO          220    i.disreset          encoder.o
    0x08001408   0x08001408   0x00000064   Code   RO          221    i.disresetY         encoder.o
    0x0800146c   0x0800146c   0x00000168   Code   RO          302    i.fnHi219m_DataDecode  hi219.o
    0x080015d4   0x080015d4   0x00000014   Code   RO          336    i.get_eular         imu_data_decode.o
    0x080015e8   0x080015e8   0x00000014   Code   RO          340    i.get_raw_gyo       imu_data_decode.o
    0x080015fc   0x080015fc   0x0000001a   Code   RO          412    i.hexArrayToDecimal  key.o
    0x08001616   0x08001616   0x00000002   PAD
    0x08001618   0x08001618   0x00000018   Code   RO          342    i.imu_data_decode_init  imu_data_decode.o
    0x08001630   0x08001630   0x00000224   Code   RO          222    i.laps_and_distance_algorithm  encoder.o
    0x08001854   0x08001854   0x000000d4   Code   RO            1    i.main              main.o
    0x08001928   0x08001928   0x00000070   Code   RO          548    i.prepare_data      it.o
    0x08001998   0x08001998   0x00000064   Code   RO          223    i.reset             encoder.o
    0x080019fc   0x080019fc   0x00000084   Code   RO          549    i.send_data         it.o
    0x08001a80   0x08001a80   0x000000c0   Code   RO          626    i.uart1_init        usart.o
    0x08001b40   0x08001b40   0x000000a8   Code   RO          627    i.uart2_init        usart.o
    0x08001be8   0x08001be8   0x00000062   Code   RO         3686    x$fpl$d2f           fz_ws.l(d2f.o)
    0x08001c4a   0x08001c4a   0x00000002   PAD
    0x08001c4c   0x08001c4c   0x00000154   Code   RO         3688    x$fpl$dmul          fz_ws.l(dmul.o)
    0x08001da0   0x08001da0   0x0000009c   Code   RO         3719    x$fpl$dnaninf       fz_ws.l(dnaninf.o)
    0x08001e3c   0x08001e3c   0x0000000c   Code   RO         3721    x$fpl$dretinf       fz_ws.l(dretinf.o)
    0x08001e48   0x08001e48   0x00000056   Code   RO         3690    x$fpl$f2d           fz_ws.l(f2d.o)
    0x08001e9e   0x08001e9e   0x00000002   PAD
    0x08001ea0   0x08001ea0   0x000000c4   Code   RO         3692    x$fpl$fadd          fz_ws.l(faddsub_clz.o)
    0x08001f64   0x08001f64   0x00000018   Code   RO         3723    x$fpl$fcmpinf       fz_ws.l(fcmpi.o)
    0x08001f7c   0x08001f7c   0x00000184   Code   RO         3699    x$fpl$fdiv          fz_ws.l(fdiv.o)
    0x08002100   0x08002100   0x00000036   Code   RO         3702    x$fpl$ffix          fz_ws.l(ffix.o)
    0x08002136   0x08002136   0x00000002   PAD
    0x08002138   0x08002138   0x00000030   Code   RO         3707    x$fpl$fflt          fz_ws.l(fflt_clz.o)
    0x08002168   0x08002168   0x00000026   Code   RO         3706    x$fpl$ffltu         fz_ws.l(fflt_clz.o)
    0x0800218e   0x0800218e   0x00000002   PAD
    0x08002190   0x08002190   0x00000068   Code   RO         3712    x$fpl$fleqf         fz_ws.l(fleqf.o)
    0x080021f8   0x080021f8   0x0000008c   Code   RO         3725    x$fpl$fnaninf       fz_ws.l(fnaninf.o)
    0x08002284   0x08002284   0x0000000a   Code   RO         3727    x$fpl$fretinf       fz_ws.l(fretinf.o)
    0x0800228e   0x0800228e   0x00000062   Code   RO         3714    x$fpl$frleqf        fz_ws.l(frleqf.o)
    0x080022f0   0x080022f0   0x000000ea   Code   RO         3694    x$fpl$fsub          fz_ws.l(faddsub_clz.o)
    0x080023da   0x080023da   0x00000000   Code   RO         3729    x$fpl$usenofp       fz_ws.l(usenofp.o)
    0x080023da   0x080023da   0x00000002   PAD
    0x080023dc   0x080023dc   0x00000020   Data   RO         3882    Region$$Table       anon$$obj.o


    Execution Region ER_RW (Exec base: 0x20000000, Load base: 0x080023fc, Size: 0x00000090, Max: 0xffffffff, ABSOLUTE)

    Exec Addr    Load Addr    Size         Type   Attr      Idx    E Section Name        Object

    0x20000000   0x080023fc   0x00000008   Data   RW            2    .data               main.o
    0x20000008   0x08002404   0x00000020   Data   RW          225    .data               encoder.o
    0x20000028   0x08002424   0x00000003   Data   RW          304    .data               hi219.o
    0x2000002b   0x08002427   0x00000001   PAD
    0x2000002c   0x08002428   0x00000016   Data   RW          344    .data               imu_data_decode.o
    0x20000042   0x0800243e   0x00000002   PAD
    0x20000044   0x08002440   0x00000024   Data   RW          414    .data               key.o
    0x20000068   0x08002464   0x00000011   Data   RW          489    .data               packet.o
    0x20000079   0x08002475   0x00000014   Data   RW         2306    .data               stm32f10x_rcc.o


    Execution Region ER_ZI (Exec base: 0x20000090, Load base: 0x0800248c, Size: 0x00000978, Max: 0xffffffff, ABSOLUTE)

    Exec Addr    Load Addr    Size         Type   Attr      Idx    E Section Name        Object

    0x20000090        -       0x00000050   Zero   RW          224    .bss                encoder.o
    0x200000e0        -       0x000000bc   Zero   RW          303    .bss                hi219.o
    0x2000019c        -       0x000000a8   Zero   RW          343    .bss                imu_data_decode.o
    0x20000244        -       0x0000001f   Zero   RW          413    .bss                key.o
    0x20000263   0x0800248c   0x00000001   PAD
    0x20000264        -       0x00000140   Zero   RW          550    .bss                it.o
    0x200003a4        -       0x00000060   Zero   RW         3756    .bss                c_w.l(libspace.o)
    0x20000404   0x0800248c   0x00000004   PAD
    0x20000408        -       0x00000200   Zero   RW          703    HEAP                startup_stm32f10x_hd.o
    0x20000608        -       0x00000400   Zero   RW          702    STACK               startup_stm32f10x_hd.o


==============================================================================

Image component sizes


      Code (inc. data)   RO Data    RW Data    ZI Data      Debug   Object Name

       116         14          0          0          0        572   dma.o
       944        136          0         32         80     207573   encoder.o
       416         34          0          3        188       3036   hi219.o
       432         54          0         22        168       3078   imu_data_decode.o
       244         26          0          0        320       1918   it.o
       776         54          0         36         31       6610   key.o
       212         28          0          8          0     256111   main.o
       132         22          0          0          0       1551   misc.o
       512         40          0         17          0       2952   packet.o
        64         26        304          0       1536        812   startup_stm32f10x_hd.o
       466         18          0          0          0       5130   stm32f10x_dma.o
       278          0          0          0          0       1976   stm32f10x_gpio.o
        24          0          0          0          0       3348   stm32f10x_it.o
       308         38          0         20          0       5046   stm32f10x_rcc.o
       508          6          0          0          0       8040   stm32f10x_usart.o
         0          0          0          0          0         32   sys.o
       328         28          0          0          0       1825   system_stm32f10x.o
       468         30          0          0          0       1850   usart.o

    ----------------------------------------------------------------------
      6246        554        336        144       2324     511460   Object Totals
         0          0         32          0          0          0   (incl. Generated)
        18          0          0          6          1          0   (incl. Padding)

    ----------------------------------------------------------------------

      Code (inc. data)   RO Data    RW Data    ZI Data      Debug   Library Member Name

         8          0          0          0          0         68   __main.o
         0          0          0          0          0          0   __rtentry.o
        12          0          0          0          0          0   __rtentry2.o
         6          0          0          0          0          0   __rtentry4.o
        52          8          0          0          0          0   __scatter.o
        26          0          0          0          0          0   __scatter_copy.o
        28          0          0          0          0          0   __scatter_zi.o
        18          0          0          0          0         80   exit.o
         6          0          0          0          0        152   heapauxi.o
         0          0          0          0          0          0   indicate_semi.o
         2          0          0          0          0          0   libinit.o
         2          0          0          0          0          0   libinit2.o
         2          0          0          0          0          0   libshutdown.o
         2          0          0          0          0          0   libshutdown2.o
         8          4          0          0         96         68   libspace.o
        78          0          0          0          0         80   rt_memclr_w.o
       138          0          0          0          0         68   rt_memcpy_v6.o
       100          0          0          0          0         80   rt_memcpy_w.o
         2          0          0          0          0          0   rtexit.o
        10          0          0          0          0          0   rtexit2.o
        12          4          0          0          0         68   sys_exit.o
        74          0          0          0          0         80   sys_stackheap_outer.o
         2          0          0          0          0         68   use_no_semi.o
        98          4          0          0          0         92   d2f.o
       340         12          0          0          0        104   dmul.o
       156          4          0          0          0         92   dnaninf.o
        12          0          0          0          0         68   dretinf.o
        86          4          0          0          0         84   f2d.o
       430          8          0          0          0        168   faddsub_clz.o
        24          0          0          0          0         68   fcmpi.o
       388         76          0          0          0         96   fdiv.o
        54          4          0          0          0         84   ffix.o
        86          0          0          0          0        136   fflt_clz.o
       104          4          0          0          0         84   fleqf.o
       140          4          0          0          0         84   fnaninf.o
        10          0          0          0          0         68   fretinf.o
        98          0          0          0          0         68   frleqf.o
         0          0          0          0          0          0   usenofp.o

    ----------------------------------------------------------------------
      2630        136          0          0        100       2108   Library Totals
        16          0          0          0          4          0   (incl. Padding)

    ----------------------------------------------------------------------

      Code (inc. data)   RO Data    RW Data    ZI Data      Debug   Library Name

       588         16          0          0         96        812   c_w.l
      2026        120          0          0          0       1296   fz_ws.l

    ----------------------------------------------------------------------
      2630        136          0          0        100       2108   Library Totals

    ----------------------------------------------------------------------

==============================================================================


      Code (inc. data)   RO Data    RW Data    ZI Data      Debug   

      8876        690        336        144       2424     509300   Grand Totals
      8876        690        336        144       2424     509300   ELF Image Totals
      8876        690        336        144          0          0   ROM Totals

==============================================================================

    Total RO  Size (Code + RO Data)                 9212 (   9.00kB)
    Total RW  Size (RW Data + ZI Data)              2568 (   2.51kB)
    Total ROM Size (Code + RO Data + RW Data)       9356 (   9.14kB)

==============================================================================

